Component: ARM Compiler 5.05 update 1 (build 106) Tool: armlink [4d0efa]

==============================================================================

Section Cross References

    startup_stm32f10x_hd.o(RESET) refers to startup_stm32f10x_hd.o(STACK) for __initial_sp
    startup_stm32f10x_hd.o(RESET) refers to startup_stm32f10x_hd.o(.text) for Reset_Handler
    startup_stm32f10x_hd.o(RESET) refers to stm32f10x_it.o(i.NMI_Handler) for NMI_Handler
    startup_stm32f10x_hd.o(RESET) refers to stm32f10x_it.o(i.HardFault_Handler) for HardFault_Handler
    startup_stm32f10x_hd.o(RESET) refers to stm32f10x_it.o(i.MemManage_Handler) for MemManage_Handler
    startup_stm32f10x_hd.o(RESET) refers to stm32f10x_it.o(i.BusFault_Handler) for BusFault_Handler
    startup_stm32f10x_hd.o(RESET) refers to stm32f10x_it.o(i.UsageFault_Handler) for UsageFault_Handler
    startup_stm32f10x_hd.o(RESET) refers to stm32f10x_it.o(i.SVC_Handler) for SVC_Handler
    startup_stm32f10x_hd.o(RESET) refers to stm32f10x_it.o(i.DebugMon_Handler) for DebugMon_Handler
    startup_stm32f10x_hd.o(RESET) refers to stm32f10x_it.o(i.PendSV_Handler) for PendSV_Handler
    startup_stm32f10x_hd.o(RESET) refers to gui_x.o(i.SysTick_Handler) for SysTick_Handler
    startup_stm32f10x_hd.o(.text) refers to system_stm32f10x.o(i.SystemInit) for SystemInit
    startup_stm32f10x_hd.o(.text) refers to entry.o(.ARM.Collect$$$$00000000) for __main
    system_stm32f10x.o(i.SetSysClock) refers to system_stm32f10x.o(i.SetSysClockTo72) for SetSysClockTo72
    system_stm32f10x.o(i.SystemCoreClockUpdate) refers to system_stm32f10x.o(.data) for SystemCoreClock
    system_stm32f10x.o(i.SystemInit) refers to system_stm32f10x.o(i.SetSysClock) for SetSysClock
    stm32f10x_rcc.o(i.RCC_GetClocksFreq) refers to stm32f10x_rcc.o(.data) for APBAHBPrescTable
    stm32f10x_rcc.o(i.RCC_WaitForHSEStartUp) refers to stm32f10x_rcc.o(i.RCC_GetFlagStatus) for RCC_GetFlagStatus
    stm32f10x_gpio.o(i.GPIO_AFIODeInit) refers to stm32f10x_rcc.o(i.RCC_APB2PeriphResetCmd) for RCC_APB2PeriphResetCmd
    stm32f10x_gpio.o(i.GPIO_DeInit) refers to stm32f10x_rcc.o(i.RCC_APB2PeriphResetCmd) for RCC_APB2PeriphResetCmd
    stm32f10x_spi.o(i.I2S_Init) refers to stm32f10x_rcc.o(i.RCC_GetClocksFreq) for RCC_GetClocksFreq
    stm32f10x_spi.o(i.SPI_I2S_DeInit) refers to stm32f10x_rcc.o(i.RCC_APB2PeriphResetCmd) for RCC_APB2PeriphResetCmd
    stm32f10x_spi.o(i.SPI_I2S_DeInit) refers to stm32f10x_rcc.o(i.RCC_APB1PeriphResetCmd) for RCC_APB1PeriphResetCmd
    stm32f10x_adc.o(i.ADC_DeInit) refers to stm32f10x_rcc.o(i.RCC_APB2PeriphResetCmd) for RCC_APB2PeriphResetCmd
    main.o(i.CreateFramewin) refers to wm_getdesktopwindow.o(i.WM_GetDesktopWindow) for WM_GetDesktopWindow
    main.o(i.CreateFramewin) refers to dialog.o(i.GUI_CreateDialogBox) for GUI_CreateDialogBox
    main.o(i.CreateFramewin) refers to main.o(i._cbDialog) for _cbDialog
    main.o(i.CreateFramewin) refers to main.o(.constdata) for _aDialogCreate
    main.o(i.DrawBitmap) refers to gui_streamcreate.o(i.GUI_CreateBitmapFromStream) for GUI_CreateBitmapFromStream
    main.o(i.DrawBitmap) refers to gui_drawbitmap.o(i.GUI_DrawBitmap) for GUI_DrawBitmap
    main.o(i.MainTask1) refers to gui_core.o(i.GUI_Init) for GUI_Init
    main.o(i.MainTask1) refers to gui_jpeg.o(i.GUI_JPEG_Draw) for GUI_JPEG_Draw
    main.o(i.MainTask1) refers to gui_time.o(i.GUI_Delay) for GUI_Delay
    main.o(i.MainTask1) refers to gui_setcolor.o(i.GUI_SetBkColor) for GUI_SetBkColor
    main.o(i.MainTask1) refers to gui_core.o(i.GUI_Clear) for GUI_Clear
    main.o(i.MainTask1) refers to lcd_getex.o(i.LCD_GetXSize) for LCD_GetXSize
    main.o(i.MainTask1) refers to lcd_getex.o(i.LCD_GetYSize) for LCD_GetYSize
    main.o(i.MainTask1) refers to gui_setfont.o(i.GUI_SetFont) for GUI_SetFont
    main.o(i.MainTask1) refers to gui_setcolor.o(i.GUI_SetColor) for GUI_SetColor
    main.o(i.MainTask1) refers to gui_dispstringhcenter.o(i.GUI_DispStringHCenterAt) for GUI_DispStringHCenterAt
    main.o(i.MainTask1) refers to touchscreen.o(i.TouchScreen_readPressure) for TouchScreen_readPressure
    main.o(i.MainTask1) refers to printf1.o(i.__0sprintf$1) for __2sprintf
    main.o(i.MainTask1) refers to gui_dispstringat.o(i.GUI_DispStringAt) for GUI_DispStringAt
    main.o(i.MainTask1) refers to gui_goto.o(i.GUI_GotoX) for GUI_GotoX
    main.o(i.MainTask1) refers to gui_goto.o(i.GUI_GotoY) for GUI_GotoY
    main.o(i.MainTask1) refers to gui_dispstring.o(i.GUI_DispString) for GUI_DispString
    main.o(i.MainTask1) refers to touchscreen.o(i.TouchScreen_readTouchX) for TouchScreen_readTouchX
    main.o(i.MainTask1) refers to ffltui.o(.text) for __aeabi_ui2f
    main.o(i.MainTask1) refers to gui_valf.o(i.GUI_DispFloat) for GUI_DispFloat
    main.o(i.MainTask1) refers to touchscreen.o(i.TouchScreen_readTouchY) for TouchScreen_readTouchY
    main.o(i.MainTask1) refers to main.o(.constdata) for _acsssa
    main.o(i.MainTask1) refers to fcomic24b_1.o(.constdata) for GUI_FontComic24B_1
[...]
    0x0800b446   0x00000066   Code   RO         2627    i._GetDevProp       GUI_CM3.lib(guidrv_flexcolor.o)
    0x0800b4ac   0x00000008   Code   RO         3781    i._GetDevProp       GUI_CM3.lib(guidev_16.o)
    0x0800b4b4   0x0000000c   Code   RO         4904    i._GetDevProp       GUI_CM3.lib(guidev_32.o)
    0x0800b4c0   0x00000052   Code   RO         4572    i._GetIndexMask_0   GUI_CM3.lib(guicc_0.o)
    0x0800b512   0x00000006   Code   RO         1935    i._GetIndexMask_565  GUI_CM3.lib(guicc_565.o)
    0x0800b518   0x00000006   Code   RO         4604    i._GetIndexMask_8888  GUI_CM3.lib(guicc_8888.o)
    0x0800b51e   0x0000002e   Code   RO         2175    i._GetInt           GUI_CM3.lib(gui_jpeg.o)
    0x0800b54c   0x00000016   Code   RO         2392    i._GetMaxValue      GUI_CM3.lib(lcd_getex.o)
    0x0800b562   0x00000002   PAD
    0x0800b564   0x0000001c   Code   RO         1973    i._GetMinIndex      GUI_CM3.lib(gui_alloc.o)
    0x0800b580   0x00000022   Code   RO         4105    i._GetNextChild     GUI_CM3.lib(wm_setfocusonnextchild.o)
    0x0800b5a2   0x00000008   Code   RO         2628    i._GetPixelIndex    GUI_CM3.lib(guidrv_flexcolor.o)
    0x0800b5aa   0x0000000e   Code   RO         3782    i._GetPixelIndex    GUI_CM3.lib(guidev_16.o)
    0x0800b5b8   0x0000000e   Code   RO         4905    i._GetPixelIndex    GUI_CM3.lib(guidev_32.o)
    0x0800b5c6   0x0000001a   Code   RO         5374    i._GetPrevChild     GUI_CM3.lib(wm_setfocusonprevchild.o)
    0x0800b5e0   0x00000016   Code   RO         2629    i._GetRect          GUI_CM3.lib(guidrv_flexcolor.o)
    0x0800b5f6   0x00000030   Code   RO         3783    i._GetRect          GUI_CM3.lib(guidev_16.o)
    0x0800b626   0x00000030   Code   RO         4906    i._GetRect          GUI_CM3.lib(guidev_32.o)
    0x0800b656   0x000000ba   Code   RO         2176    i._GetSOF           GUI_CM3.lib(gui_jpeg.o)
    0x0800b710   0x00000118   Code   RO         2177    i._GetSOS           GUI_CM3.lib(gui_jpeg.o)
    0x0800b828   0x00000028   Code   RO         2178    i._GetStuff         GUI_CM3.lib(gui_jpeg.o)
    0x0800b850   0x0000002e   Code   RO         2179    i._GetU16           GUI_CM3.lib(gui_jpeg.o)
    0x0800b87e   0x0000002c   Code   RO         2180    i._GetU8            GUI_CM3.lib(gui_jpeg.o)
    0x0800b8aa   0x00000044   Code   RO         2181    i._GetU8_NoMarker   GUI_CM3.lib(gui_jpeg.o)
    0x0800b8ee   0x00000002   PAD
    0x0800b8f0   0x0000000c   Code   RO         2117    i._GotoX            GUI_CM3.lib(gui_goto.o)
    0x0800b8fc   0x0000000c   Code   RO         2118    i._GotoY            GUI_CM3.lib(gui_goto.o)
    0x0800b908   0x0000004a   Code   RO         2182    i._HuffDecode       GUI_CM3.lib(gui_jpeg.o)
    0x0800b952   0x00000002   PAD
    0x0800b954   0x000003dc   Code   RO         2183    i._IDCT             GUI_CM3.lib(gui_jpeg.o)
    0x0800bd30   0x0000001c   Code   RO         3183    i._IncPointer       GUI_CM3.lib(gui_onkey.o)
    0x0800bd4c   0x00000006   Code   RO         3184    i._IncReadPointer   GUI_CM3.lib(gui_onkey.o)
    0x0800bd52   0x00000002   PAD
    0x0800bd54   0x00000048   Code   RO         1936    i._Index2ColorBulk  GUI_CM3.lib(guicc_565.o)
    0x0800bd9c   0x0000000e   Code   RO         4605    i._Index2ColorBulk  GUI_CM3.lib(guicc_8888.o)
    0x0800bdaa   0x00000020   Code   RO         4573    i._Index2Color_0    GUI_CM3.lib(guicc_0.o)
    0x0800bdca   0x0000001c   Code   RO         2184    i._InitBitBuffer    GUI_CM3.lib(gui_jpeg.o)
    0x0800bde6   0x00000002   PAD
    0x0800bde8   0x00000074   Code   RO         2033    i._InitContext      GUI_CM3.lib(gui_core.o)
    0x0800be5c   0x000001a8   Code   RO         1642    i._InitController   lcdconf.o
    0x0800c004   0x0000028c   Code   RO         2185    i._InitFrame        GUI_CM3.lib(gui_jpeg.o)
    0x0800c290   0x000000f4   Code   RO         1974    i._InitOnce         GUI_CM3.lib(gui_alloc.o)
    0x0800c384   0x00000092   Code   RO         2186    i._InitScan         GUI_CM3.lib(gui_jpeg.o)
    0x0800c416   0x00000002   PAD
    0x0800c418   0x00000080   Code   RO         2870    i._Invalidate1Abs   GUI_CM3.lib(wm.o)
    0x0800c498   0x00000210   Code   RO         2187    i._LoadNextRow      GUI_CM3.lib(gui_jpeg.o)
    0x0800c6a8   0x00000004   Code   RO         2630    i._Log2PhysX_X0Y0S0  GUI_CM3.lib(guidrv_flexcolor.o)
    0x0800c6ac   0x00000004   Code   RO         2631    i._Log2PhysX_X0Y0S1  GUI_CM3.lib(guidrv_flexcolor.o)
    0x0800c6b0   0x00000004   Code   RO         2632    i._Log2PhysX_X0Y1S0  GUI_CM3.lib(guidrv_flexcolor.o)
    0x0800c6b4   0x00000004   Code   RO         2633    i._Log2PhysX_X0Y1S1  GUI_CM3.lib(guidrv_flexcolor.o)
    0x0800c6b8   0x00000008   Code   RO         2634    i._Log2PhysX_X1Y0S0  GUI_CM3.lib(guidrv_flexcolor.o)
    0x0800c6c0   0x00000008   Code   RO         2635    i._Log2PhysX_X1Y0S1  GUI_CM3.lib(guidrv_flexcolor.o)
    0x0800c6c8   0x00000008   Code   RO         2636    i._Log2PhysX_X1Y1S0  GUI_CM3.lib(guidrv_flexcolor.o)
    0x0800c6d0   0x00000008   Code   RO         2637    i._Log2PhysX_X1Y1S1  GUI_CM3.lib(guidrv_flexcolor.o)
    0x0800c6d8   0x00000004   Code   RO         2638    i._Log2PhysY_X0Y0S0  GUI_CM3.lib(guidrv_flexcolor.o)
    0x0800c6dc   0x00000004   Code   RO         2639    i._Log2PhysY_X0Y0S1  GUI_CM3.lib(guidrv_flexcolor.o)
    0x0800c6e0   0x00000008   Code   RO         2640    i._Log2PhysY_X0Y1S0  GUI_CM3.lib(guidrv_flexcolor.o)
    0x0800c6e8   0x00000008   Code   RO         2641    i._Log2PhysY_X0Y1S1  GUI_CM3.lib(guidrv_flexcolor.o)
    0x0800c6f0   0x00000004   Code   RO         2642    i._Log2PhysY_X1Y0S0  GUI_CM3.lib(guidrv_flexcolor.o)
    0x0800c6f4   0x00000004   Code   RO         2643    i._Log2PhysY_X1Y0S1  GUI_CM3.lib(guidrv_flexcolor.o)
    0x0800c6f8   0x00000008   Code   RO         2644    i._Log2PhysY_X1Y1S0  GUI_CM3.lib(guidrv_flexcolor.o)
    0x0800c700   0x00000008   Code   RO         2645    i._Log2PhysY_X1Y1S1  GUI_CM3.lib(guidrv_flexcolor.o)
    0x0800c708   0x00000002   Code   RO         3062    i._Log2VisBuffered  GUI_CM3.lib(gui_charline.o)
    0x0800c70a   0x00000008   Code   RO         3813    i._Min              GUI_CM3.lib(guidev_banding.o)
    0x0800c712   0x0000006e   Code   RO         5841    i._MoveDescendents  GUI_CM3.lib(wm_move.o)
    0x0800c780   0x0000002c   Code   RO         3864    i._OnButtonPressed  GUI_CM3.lib(button.o)
    0x0800c7ac   0x0000003a   Code   RO         3865    i._OnButtonReleased  GUI_CM3.lib(button.o)
    0x0800c7e6   0x00000002   PAD
    0x0800c7e8   0x0000003c   Code   RO         1975    i._OnExit           GUI_CM3.lib(gui_alloc.o)
    0x0800c824   0x00000018   Code   RO         2034    i._OnExit           GUI_CM3.lib(gui_core.o)
    0x0800c83c   0x00000024   Code   RO         2871    i._OnExit           GUI_CM3.lib(wm.o)
    0x0800c860   0x00000014   Code   RO         3317    i._OnExit           GUI_CM3.lib(gui_task.o)
    0x0800c874   0x00000014   Code   RO         3465    i._OnExit           GUI_CM3.lib(lcd_color.o)
    0x0800c888   0x00000028   Code   RO         4168    i._OnExit           GUI_CM3.lib(gui__alpha.o)
    0x0800c8b0   0x00000070   Code   RO         3909    i._OnTouch          GUI_CM3.lib(framewin.o)
    0x0800c920   0x000000da   Code   RO         3947    i._OnTouch          GUI_CM3.lib(slider.o)
    0x0800c9fa   0x00000040   Code   RO         3867    i._OnTouchDefault   GUI_CM3.lib(button.o)
    0x0800ca3a   0x0000014e   Code   RO         5060    i._Paint            GUI_CM3.lib(button_skinclassic.o)
    0x0800cb88   0x00000114   Code   RO         5077    i._Paint            GUI_CM3.lib(framewin_skinclassic.o)
    0x0800cc9c   0x0000013c   Code   RO         5095    i._Paint            GUI_CM3.lib(slider_skinclassic.o)
    0x0800cdd8   0x00000024   Code   RO         2872    i._Paint1           GUI_CM3.lib(wm.o)
    0x0800cdfc   0x00000084   Code   RO         2873    i._Paint1Trans      GUI_CM3.lib(wm.o)
    0x0800ce80   0x0000009a   Code   RO         2874    i._PaintTransChildren  GUI_CM3.lib(wm.o)
    0x0800cf1a   0x00000002   PAD
    0x0800cf1c   0x00000040   Code   RO         1976    i._PopFreeBlock     GUI_CM3.lib(gui_alloc.o)
    0x0800cf5c   0x0000008e   Code   RO         2188    i._ProcessRestart   GUI_CM3.lib(gui_jpeg.o)
    0x0800cfea   0x00000002   PAD
    0x0800cfec   0x00000024   Code   RO         1977    i._PushFreeBlock    GUI_CM3.lib(gui_alloc.o)
    0x0800d010   0x00000006   Code   RO         2715    i._ReadData         GUI_CM3.lib(guidrv_flexcolor_16bpp_c0b8.o)
    0x0800d016   0x000000e6   Code   RO         2189    i._ReadMarkers      GUI_CM3.lib(gui_jpeg.o)
    0x0800d0fc   0x00000028   Code   RO         2740    i._ReadPixel_16bpp_B16_I  GUI_CM3.lib(guidrv_flexcolor_func66709.o)
    0x0800d124   0x00000024   Code   RO         2742    i._ReadPixel_16bpp_B8  GUI_CM3.lib(guidrv_flexcolor_func66709.o)
    0x0800d148   0x0000004c   Code   RO         2743    i._ReadRect_16bpp_B16_I  GUI_CM3.lib(guidrv_flexcolor_func66709.o)
    0x0800d194   0x00000048   Code   RO         2745    i._ReadRect_16bpp_B8  GUI_CM3.lib(guidrv_flexcolor_func66709.o)
    0x0800d1dc   0x00000044   Code   RO         1978    i._RemoveFreeBlock  GUI_CM3.lib(gui_alloc.o)
    0x0800d220   0x0000005c   Code   RO         4543    i._RemoveFromLinList  GUI_CM3.lib(gui_timer.o)
    0x0800d27c   0x000000bc   Code   RO         1979    i._RemoveHoles      GUI_CM3.lib(gui_alloc.o)
    0x0800d338   0x0000002e   Code   RO         2339    i._RoundHalfUp      GUI_CM3.lib(gui_valf.o)
    0x0800d366   0x0000003a   Code   RO         3910    i._SetActive        GUI_CM3.lib(framewin.o)
    0x0800d3a0   0x00000020   Code   RO         3431    i._SetBkColor       GUI_CM3.lib(lcd.o)
    0x0800d3c0   0x0000004c   Code   RO         2875    i._SetClipRectUserIntersect  GUI_CM3.lib(wm.o)
    0x0800d40c   0x00000020   Code   RO         3432    i._SetColor         GUI_CM3.lib(lcd.o)
    0x0800d42c   0x00000034   Code   RO         3433    i._SetDrawMode      GUI_CM3.lib(lcd.o)
    0x0800d460   0x00000030   Code   RO         2746    i._SetInterface     GUI_CM3.lib(guidrv_flexcolor_func66709.o)
    0x0800d490   0x00000002   Code   RO         2646    i._SetOrg           GUI_CM3.lib(guidrv_flexcolor.o)
    0x0800d492   0x00000008   Code   RO         3784    i._SetOrg           GUI_CM3.lib(guidev_16.o)
    0x0800d49a   0x00000008   Code   RO         4907    i._SetOrg           GUI_CM3.lib(guidev_32.o)
    0x0800d4a2   0x00000002   PAD
    0x0800d4a4   0x00000038   Code   RO         2747    i._SetOrientation   GUI_CM3.lib(guidrv_flexcolor_func66709.o)
    0x0800d4dc   0x000000a8   Code   RO         2748    i._SetPhysRAMAddr   GUI_CM3.lib(guidrv_flexcolor_func66709.o)
    0x0800d584   0x0000000e   Code   RO         2647    i._SetPixelIndex    GUI_CM3.lib(guidrv_flexcolor.o)
    0x0800d592   0x00000002   PAD
    0x0800d594   0x00000044   Code   RO         3785    i._SetPixelIndex    GUI_CM3.lib(guidev_16.o)
    0x0800d5d8   0x00000044   Code   RO         4908    i._SetPixelIndex    GUI_CM3.lib(guidev_32.o)
    0x0800d61c   0x000000b4   Code   RO         2749    i._SetRect          GUI_CM3.lib(guidrv_flexcolor_func66709.o)
    0x0800d6d0   0x00000008   Code   RO         2750    i._SetReg_B16       GUI_CM3.lib(guidrv_flexcolor_func66709.o)
    0x0800d6d8   0x00000018   Code   RO         2751    i._SetReg_B8        GUI_CM3.lib(guidrv_flexcolor_func66709.o)
    0x0800d6f0   0x00000026   Code   RO         2190    i._SkipInputData    GUI_CM3.lib(gui_jpeg.o)
    0x0800d716   0x00000002   PAD
    0x0800d718   0x00000028   Code   RO         2191    i._StoreU8          GUI_CM3.lib(gui_jpeg.o)
    0x0800d740   0x000000ea   Code   RO         1980    i._TestRAM          GUI_CM3.lib(gui_alloc.o)
    0x0800d82a   0x00000068   Code   RO         2192    i._TransformRow     GUI_CM3.lib(gui_jpeg.o)
    0x0800d892   0x00000002   PAD
    0x0800d894   0x00000050   Code   RO         4544    i._Unlink           GUI_CM3.lib(gui_timer.o)
    0x0800d8e4   0x00000006   Code   RO         2716    i._WriteData        GUI_CM3.lib(guidrv_flexcolor_16bpp_c0b8.o)
    0x0800d8ea   0x00000002   PAD
    0x0800d8ec   0x00000048   Code   RO         2717    i._WriteDataMP      GUI_CM3.lib(guidrv_flexcolor_16bpp_c0b8.o)
    0x0800d934   0x00000008   Code   RO         2752    i._WritePara_B16    GUI_CM3.lib(guidrv_flexcolor_func66709.o)
    0x0800d93c   0x0000000a   Code   RO         2753    i._WritePara_B8     GUI_CM3.lib(guidrv_flexcolor_func66709.o)
    0x0800d946   0x00000052   Code   RO         2193    i._WritePixels      GUI_CM3.lib(gui_jpeg.o)
    0x0800d998   0x00000080   Code   RO         2194    i._WritePixelsOptRGB  GUI_CM3.lib(gui_jpeg.o)
    0x0800da18   0x0000000e   Code   RO         1981    i._WriteTagData     GUI_CM3.lib(gui_alloc.o)
    0x0800da26   0x00000002   PAD
    0x0800da28   0x0000032c   Code   RO         5044    i._WriteToActiveOpaque_8  GUI_CM3.lib(guidev_writetoactiveopaque.o)
    0x0800dd54   0x000002f0   Code   RO         5045    i._WriteToActiveOpaque_HT  GUI_CM3.lib(guidev_writetoactiveopaque.o)
    0x0800e044   0x00000014   Code   RO         2718    i._WriteU16_A1      GUI_CM3.lib(guidrv_flexcolor_16bpp_c0b8.o)
    0x0800e058   0x0000003c   Code   RO         3786    i._XY2PTR           GUI_CM3.lib(guidev_16.o)
    0x0800e094   0x0000003c   Code   RO         4909    i._XY2PTR           GUI_CM3.lib(guidev_32.o)
    0x0800e0d0   0x00000024   Code   RO         2648    i._XorPixel         GUI_CM3.lib(guidrv_flexcolor.o)
    0x0800e0f4   0x00000050   Code   RO         3787    i._XorPixel         GUI_CM3.lib(guidev_16.o)
    0x0800e144   0x00000054   Code   RO         4910    i._XorPixel         GUI_CM3.lib(guidev_32.o)
    0x0800e198   0x00000028   Code   RO         6034    i.__0sprintf$1      mc_w.l(printf1.o)
    0x0800e1c0   0x0000000e   Code   RO         6311    i.__scatterload_copy  mc_w.l(handlers.o)
    0x0800e1ce   0x00000002   Code   RO         6312    i.__scatterload_null  mc_w.l(handlers.o)
    0x0800e1d0   0x0000000e   Code   RO         6313    i.__scatterload_zeroinit  mc_w.l(handlers.o)
    0x0800e1de   0x00000004   Code   RO         5197    i._cbInvalidateOne  GUI_CM3.lib(wm_bringtotop.o)
    0x0800e1e2   0x00000002   PAD
    0x0800e1e4   0x00000040   Code   RO         2876    i._cbPaintMemDev    GUI_CM3.lib(wm.o)
    0x0800e224   0x00000154   Code   RO         6039    i._printf_core      mc_w.l(printf1.o)
    0x0800e378   0x0000000a   Code   RO         6041    i._sputc            mc_w.l(printf1.o)
    0x0800e382   0x00000002   PAD
    0x0800e384   0x000000e0   Code   RO         1819    i.badprogADC        adc_setup.o
    0x0800e464   0x00000048   Code   RO         2877    i.cbBackWin         GUI_CM3.lib(wm.o)
    0x0800e4ac   0x000000dc   Code   RO         5965    i.ceil              m_ws.l(ceil.o)
    0x0800e588   0x000000dc   Code   RO         5969    i.floor             m_ws.l(floor.o)
    0x0800e664   0x00000004   Code   RO         1037    i.main              main.o
    0x0800e668   0x00002338   Data   RO         1038    .constdata          main.o
    0x080109a0   0x00000018   Data   RO         1937    .constdata          GUI_CM3.lib(guicc_565.o)
    0x080109b8   0x00000204   Data   RO         1983    .constdata          GUI_CM3.lib(gui_alloc.o)
    0x08010bbc   0x00000008   Data   RO         2036    .constdata          GUI_CM3.lib(gui_core.o)
    0x08010bc4   0x000003d0   Data   RO         2195    .constdata          GUI_CM3.lib(gui_jpeg.o)
    0x08010f94   0x00000030   Data   RO         2493    .constdata          GUI_CM3.lib(fcomic24b_1.o)
    0x08010fc4   0x00000018   Data   RO         2494    .constdata          GUI_CM3.lib(fcomic24b_1.o)
    0x08010fdc   0x00000030   Data   RO         2495    .constdata          GUI_CM3.lib(fcomic24b_1.o)
    0x0801100c   0x00000048   Data   RO         2496    .constdata          GUI_CM3.lib(fcomic24b_1.o)
    0x08011054   0x00000030   Data   RO         2497    .constdata          GUI_CM3.lib(fcomic24b_1.o)
    0x08011084   0x00000030   Data   RO         2498    .constdata          GUI_CM3.lib(fcomic24b_1.o)
    0x080110b4   0x00000030   Data   RO         2499    .constdata          GUI_CM3.lib(fcomic24b_1.o)
    0x080110e4   0x00000030   Data   RO         2500    .constdata          GUI_CM3.lib(fcomic24b_1.o)
    0x08011114   0x00000030   Data   RO         2501    .constdata          GUI_CM3.lib(fcomic24b_1.o)
    0x08011144   0x00000048   Data   RO         2502    .constdata          GUI_CM3.lib(fcomic24b_1.o)
    0x0801118c   0x00000030   Data   RO         2503    .constdata          GUI_CM3.lib(fcomic24b_1.o)
    0x080111bc   0x00000030   Data   RO         2504    .constdata          GUI_CM3.lib(fcomic24b_1.o)
    0x080111ec   0x00000030   Data   RO         2505    .constdata          GUI_CM3.lib(fcomic24b_1.o)
    0x0801121c   0x00000030   Data   RO         2506    .constdata          GUI_CM3.lib(fcomic24b_1.o)
    0x0801124c   0x00000048   Data   RO         2507    .constdata          GUI_CM3.lib(fcomic24b_1.o)
    0x08011294   0x00000030   Data   RO         2508    .constdata          GUI_CM3.lib(fcomic24b_1.o)
    0x080112c4   0x00000030   Data   RO         2509    .constdata          GUI_CM3.lib(fcomic24b_1.o)
    0x080112f4   0x00000030   Data   RO         2510    .constdata          GUI_CM3.lib(fcomic24b_1.o)
    0x08011324   0x00000030   Data   RO         2511    .constdata          GUI_CM3.lib(fcomic24b_1.o)
    0x08011354   0x00000030   Data   RO         2512    .constdata          GUI_CM3.lib(fcomic24b_1.o)
    0x08011384   0x00000030   Data   RO         2513    .constdata          GUI_CM3.lib(fcomic24b_1.o)
    0x080113b4   0x00000030   Data   RO         2514    .constdata          GUI_CM3.lib(fcomic24b_1.o)
    0x080113e4   0x00000030   Data   RO         2515    .constdata          GUI_CM3.lib(fcomic24b_1.o)
    0x08011414   0x00000030   Data   RO         2516    .constdata          GUI_CM3.lib(fcomic24b_1.o)
    0x08011444   0x00000030   Data   RO         2517    .constdata          GUI_CM3.lib(fcomic24b_1.o)
    0x08011474   0x00000030   Data   RO         2518    .constdata          GUI_CM3.lib(fcomic24b_1.o)
    0x080114a4   0x00000030   Data   RO         2519    .constdata          GUI_CM3.lib(fcomic24b_1.o)
    0x080114d4   0x00000030   Data   RO         2520    .constdata          GUI_CM3.lib(fcomic24b_1.o)
    0x08011504   0x00000030   Data   RO         2521    .constdata          GUI_CM3.lib(fcomic24b_1.o)
    0x08011534   0x00000030   Data   RO         2522    .constdata          GUI_CM3.lib(fcomic24b_1.o)
    0x08011564   0x00000030   Data   RO         2523    .constdata          GUI_CM3.lib(fcomic24b_1.o)
    0x08011594   0x00000030   Data   RO         2524    .constdata          GUI_CM3.lib(fcomic24b_1.o)
    0x080115c4   0x00000030   Data   RO         2525    .constdata          GUI_CM3.lib(fcomic24b_1.o)
    0x080115f4   0x00000030   Data   RO         2526    .constdata          GUI_CM3.lib(fcomic24b_1.o)
    0x08011624   0x00000030   Data   RO         2527    .constdata          GUI_CM3.lib(fcomic24b_1.o)
    0x08011654   0x00000030   Data   RO         2528    .constdata          GUI_CM3.lib(fcomic24b_1.o)
    0x08011684   0x00000030   Data   RO         2529    .constdata          GUI_CM3.lib(fcomic24b_1.o)
    0x080116b4   0x00000030   Data   RO         2530    .constdata          GUI_CM3.lib(fcomic24b_1.o)
    0x080116e4   0x00000048   Data   RO         2531    .constdata          GUI_CM3.lib(fcomic24b_1.o)
    0x0801172c   0x00000030   Data   RO         2532    .constdata          GUI_CM3.lib(fcomic24b_1.o)
    0x0801175c   0x00000030   Data   RO         2533    .constdata          GUI_CM3.lib(fcomic24b_1.o)
    0x0801178c   0x00000030   Data   RO         2534    .constdata          GUI_CM3.lib(fcomic24b_1.o)
    0x080117bc   0x00000030   Data   RO         2535    .constdata          GUI_CM3.lib(fcomic24b_1.o)
    0x080117ec   0x00000030   Data   RO         2536    .constdata          GUI_CM3.lib(fcomic24b_1.o)
    0x0801181c   0x00000030   Data   RO         2537    .constdata          GUI_CM3.lib(fcomic24b_1.o)
    0x0801184c   0x00000030   Data   RO         2538    .constdata          GUI_CM3.lib(fcomic24b_1.o)
    0x0801187c   0x00000030   Data   RO         2539    .constdata          GUI_CM3.lib(fcomic24b_1.o)
    0x080118ac   0x00000030   Data   RO         2540    .constdata          GUI_CM3.lib(fcomic24b_1.o)
    0x080118dc   0x00000030   Data   RO         2541    .constdata          GUI_CM3.lib(fcomic24b_1.o)
    0x0801190c   0x00000048   Data   RO         2542    .constdata          GUI_CM3.lib(fcomic24b_1.o)
    0x08011954   0x00000048   Data   RO         2543    .constdata          GUI_CM3.lib(fcomic24b_1.o)
    0x0801199c   0x00000048   Data   RO         2544    .constdata          GUI_CM3.lib(fcomic24b_1.o)
    0x080119e4   0x00000048   Data   RO         2545    .constdata          GUI_CM3.lib(fcomic24b_1.o)
    0x08011a2c   0x00000048   Data   RO         2546    .constdata          GUI_CM3.lib(fcomic24b_1.o)
    0x08011a74   0x00000048   Data   RO         2547    .constdata          GUI_CM3.lib(fcomic24b_1.o)
    0x08011abc   0x00000030   Data   RO         2548    .constdata          GUI_CM3.lib(fcomic24b_1.o)
    0x08011aec   0x00000048   Data   RO         2549    .constdata          GUI_CM3.lib(fcomic24b_1.o)
    0x08011b34   0x00000030   Data   RO         2550    .constdata          GUI_CM3.lib(fcomic24b_1.o)
    0x08011b64   0x00000030   Data   RO         2551    .constdata          GUI_CM3.lib(fcomic24b_1.o)
    0x08011b94   0x00000030   Data   RO         2552    .constdata          GUI_CM3.lib(fcomic24b_1.o)
    0x08011bc4   0x00000030   Data   RO         2553    .constdata          GUI_CM3.lib(fcomic24b_1.o)
    0x08011bf4   0x00000030   Data   RO         2554    .constdata          GUI_CM3.lib(fcomic24b_1.o)
    0x08011c24   0x00000030   Data   RO         2555    .constdata          GUI_CM3.lib(fcomic24b_1.o)
    0x08011c54   0x00000030   Data   RO         2556    .constdata          GUI_CM3.lib(fcomic24b_1.o)
    0x08011c84   0x00000030   Data   RO         2557    .constdata          GUI_CM3.lib(fcomic24b_1.o)
    0x08011cb4   0x00000030   Data   RO         2558    .constdata          GUI_CM3.lib(fcomic24b_1.o)
    0x08011ce4   0x00000030   Data   RO         2559    .constdata          GUI_CM3.lib(fcomic24b_1.o)
    0x08011d14   0x00000030   Data   RO         2560    .constdata          GUI_CM3.lib(fcomic24b_1.o)
    0x08011d44   0x00000030   Data   RO         2561    .constdata          GUI_CM3.lib(fcomic24b_1.o)
    0x08011d74   0x00000030   Data   RO         2562    .constdata          GUI_CM3.lib(fcomic24b_1.o)
    0x08011da4   0x00000048   Data   RO         2563    .constdata          GUI_CM3.lib(fcomic24b_1.o)
    0x08011dec   0x00000030   Data   RO         2564    .constdata          GUI_CM3.lib(fcomic24b_1.o)
    0x08011e1c   0x00000030   Data   RO         2565    .constdata          GUI_CM3.lib(fcomic24b_1.o)
    0x08011e4c   0x00000030   Data   RO         2566    .constdata          GUI_CM3.lib(fcomic24b_1.o)
    0x08011e7c   0x00000030   Data   RO         2567    .constdata          GUI_CM3.lib(fcomic24b_1.o)
    0x08011eac   0x00000030   Data   RO         2568    .constdata          GUI_CM3.lib(fcomic24b_1.o)
    0x08011edc   0x00000018   Data   RO         2569    .constdata          GUI_CM3.lib(fcomic24b_1.o)
    0x08011ef4   0x00000018   Data   RO         2570    .constdata          GUI_CM3.lib(fcomic24b_1.o)
    0x08011f0c   0x00000018   Data   RO         2571    .constdata          GUI_CM3.lib(fcomic24b_1.o)
    0x08011f24   0x00000018   Data   RO         2572    .constdata          GUI_CM3.lib(fcomic24b_1.o)
    0x08011f3c   0x00000030   Data   RO         2573    .constdata          GUI_CM3.lib(fcomic24b_1.o)
    0x08011f6c   0x00000030   Data   RO         2574    .constdata          GUI_CM3.lib(fcomic24b_1.o)
    0x08011f9c   0x00000030   Data   RO         2575    .constdata          GUI_CM3.lib(fcomic24b_1.o)
    0x08011fcc   0x00000030   Data   RO         2576    .constdata          GUI_CM3.lib(fcomic24b_1.o)
    0x08011ffc   0x00000030   Data   RO         2577    .constdata          GUI_CM3.lib(fcomic24b_1.o)
    0x0801202c   0x00000030   Data   RO         2578    .constdata          GUI_CM3.lib(fcomic24b_1.o)
    0x0801205c   0x00000030   Data   RO         2579    .constdata          GUI_CM3.lib(fcomic24b_1.o)
    0x0801208c   0x00000030   Data   RO         2580    .constdata          GUI_CM3.lib(fcomic24b_1.o)
    0x080120bc   0x00000030   Data   RO         2581    .constdata          GUI_CM3.lib(fcomic24b_1.o)
    0x080120ec   0x00000030   Data   RO         2582    .constdata          GUI_CM3.lib(fcomic24b_1.o)
    0x0801211c   0x00000030   Data   RO         2583    .constdata          GUI_CM3.lib(fcomic24b_1.o)
    0x0801214c   0x00000030   Data   RO         2584    .constdata          GUI_CM3.lib(fcomic24b_1.o)
    0x0801217c   0x00000030   Data   RO         2585    .constdata          GUI_CM3.lib(fcomic24b_1.o)
    0x080121ac   0x00000030   Data   RO         2586    .constdata          GUI_CM3.lib(fcomic24b_1.o)
    0x080121dc   0x00000030   Data   RO         2587    .constdata          GUI_CM3.lib(fcomic24b_1.o)
    0x0801220c   0x00000030   Data   RO         2588    .constdata          GUI_CM3.lib(fcomic24b_1.o)
    0x0801223c   0x00000300   Data   RO         2589    .constdata          GUI_CM3.lib(fcomic24b_1.o)
    0x0801253c   0x0000000c   Data   RO         2590    .constdata          GUI_CM3.lib(fcomic24b_1.o)
    0x08012548   0x0000000c   Data   RO         2591    .constdata          GUI_CM3.lib(fcomic24b_1.o)
    0x08012554   0x00000024   Data   RO         2592    .constdata          GUI_CM3.lib(fcomic24b_1.o)
    0x08012578   0x00000034   Data   RO         2649    .constdata          GUI_CM3.lib(guidrv_flexcolor.o)
    0x080125ac   0x00000040   Data   RO         2650    .constdata          GUI_CM3.lib(guidrv_flexcolor.o)
    0x080125ec   0x00000020   Data   RO         2955    .constdata          GUI_CM3.lib(gui__divtbl_31_255.o)
    0x0801260c   0x00000040   Data   RO         2962    .constdata          GUI_CM3.lib(gui__divtbl_63_255.o)
    0x0801264c   0x00000100   Data   RO         2969    .constdata          GUI_CM3.lib(gui__divtbl_255_31.o)
    0x0801274c   0x00000100   Data   RO         2976    .constdata          GUI_CM3.lib(gui__divtbl_255_63.o)
    0x0801284c   0x00000028   Data   RO         3021    .constdata          GUI_CM3.lib(gui_adddecshift.o)
    0x08012874   0x00000010   Data   RO         3357    .constdata          GUI_CM3.lib(gui_uc_encodenone.o)
    0x08012884   0x0000000c   Data   RO         3434    .constdata          GUI_CM3.lib(lcd.o)
    0x08012890   0x00000518   Data   RO         3629    .constdata          GUI_CM3.lib(f6x8.o)
    0x08012da8   0x000001c0   Data   RO         3630    .constdata          GUI_CM3.lib(f6x8.o)
    0x08012f68   0x00000008   Data   RO         3631    .constdata          GUI_CM3.lib(f6x8.o)
    0x08012f70   0x00000014   Data   RO         3632    .constdata          GUI_CM3.lib(f6x8.o)
    0x08012f84   0x00000024   Data   RO         3633    .constdata          GUI_CM3.lib(f6x8.o)
    0x08012fa8   0x00000030   Data   RO         3641    .constdata          GUI_CM3.lib(fcomic24b_ascii.o)
    0x08012fd8   0x00000018   Data   RO         3642    .constdata          GUI_CM3.lib(fcomic24b_ascii.o)
    0x08012ff0   0x00000030   Data   RO         3643    .constdata          GUI_CM3.lib(fcomic24b_ascii.o)
    0x08013020   0x00000048   Data   RO         3644    .constdata          GUI_CM3.lib(fcomic24b_ascii.o)
    0x08013068   0x00000030   Data   RO         3645    .constdata          GUI_CM3.lib(fcomic24b_ascii.o)
    0x08013098   0x00000048   Data   RO         3646    .constdata          GUI_CM3.lib(fcomic24b_ascii.o)
    0x080130e0   0x00000030   Data   RO         3647    .constdata          GUI_CM3.lib(fcomic24b_ascii.o)
    0x08013110   0x00000030   Data   RO         3648    .constdata          GUI_CM3.lib(fcomic24b_ascii.o)
    0x08013140   0x00000018   Data   RO         3649    .constdata          GUI_CM3.lib(fcomic24b_ascii.o)
    0x08013158   0x00000018   Data   RO         3650    .constdata          GUI_CM3.lib(fcomic24b_ascii.o)
    0x08013170   0x00000030   Data   RO         3651    .constdata          GUI_CM3.lib(fcomic24b_ascii.o)
    0x080131a0   0x00000030   Data   RO         3652    .constdata          GUI_CM3.lib(fcomic24b_ascii.o)
    0x080131d0   0x00000030   Data   RO         3653    .constdata          GUI_CM3.lib(fcomic24b_ascii.o)
    0x08013200   0x00000030   Data   RO         3654    .constdata          GUI_CM3.lib(fcomic24b_ascii.o)
    0x08013230   0x00000030   Data   RO         3655    .constdata          GUI_CM3.lib(fcomic24b_ascii.o)
    0x08013260   0x00000030   Data   RO         3656    .constdata          GUI_CM3.lib(fcomic24b_ascii.o)
    0x08013290   0x00000030   Data   RO         3657    .constdata          GUI_CM3.lib(fcomic24b_ascii.o)
    0x080132c0   0x00000030   Data   RO         3658    .constdata          GUI_CM3.lib(fcomic24b_ascii.o)
    0x080132f0   0x00000030   Data   RO         3659    .constdata          GUI_CM3.lib(fcomic24b_ascii.o)
    0x08013320   0x00000030   Data   RO         3660    .constdata          GUI_CM3.lib(fcomic24b_ascii.o)
    0x08013350   0x00000030   Data   RO         3661    .constdata          GUI_CM3.lib(fcomic24b_ascii.o)
    0x08013380   0x00000030   Data   RO         3662    .constdata          GUI_CM3.lib(fcomic24b_ascii.o)
    0x080133b0   0x00000030   Data   RO         3663    .constdata          GUI_CM3.lib(fcomic24b_ascii.o)
    0x080133e0   0x00000030   Data   RO         3664    .constdata          GUI_CM3.lib(fcomic24b_ascii.o)
    0x08013410   0x00000030   Data   RO         3665    .constdata          GUI_CM3.lib(fcomic24b_ascii.o)
    0x08013440   0x00000030   Data   RO         3666    .constdata          GUI_CM3.lib(fcomic24b_ascii.o)
    0x08013470   0x00000030   Data   RO         3667    .constdata          GUI_CM3.lib(fcomic24b_ascii.o)
    0x080134a0   0x00000030   Data   RO         3668    .constdata          GUI_CM3.lib(fcomic24b_ascii.o)
    0x080134d0   0x00000030   Data   RO         3669    .constdata          GUI_CM3.lib(fcomic24b_ascii.o)
    0x08013500   0x00000030   Data   RO         3670    .constdata          GUI_CM3.lib(fcomic24b_ascii.o)
    0x08013530   0x00000030   Data   RO         3671    .constdata          GUI_CM3.lib(fcomic24b_ascii.o)
    0x08013560   0x00000030   Data   RO         3672    .constdata          GUI_CM3.lib(fcomic24b_ascii.o)
    0x08013590   0x00000048   Data   RO         3673    .constdata          GUI_CM3.lib(fcomic24b_ascii.o)
    0x080135d8   0x00000030   Data   RO         3674    .constdata          GUI_CM3.lib(fcomic24b_ascii.o)
    0x08013608   0x00000030   Data   RO         3675    .constdata          GUI_CM3.lib(fcomic24b_ascii.o)
    0x08013638   0x00000030   Data   RO         3676    .constdata          GUI_CM3.lib(fcomic24b_ascii.o)
    0x08013668   0x00000030   Data   RO         3677    .constdata          GUI_CM3.lib(fcomic24b_ascii.o)
    0x08013698   0x00000030   Data   RO         3678    .constdata          GUI_CM3.lib(fcomic24b_ascii.o)
    0x080136c8   0x00000030   Data   RO         3679    .constdata          GUI_CM3.lib(fcomic24b_ascii.o)
    0x080136f8   0x00000030   Data   RO         3680    .constdata          GUI_CM3.lib(fcomic24b_ascii.o)
    0x08013728   0x00000030   Data   RO         3681    .constdata          GUI_CM3.lib(fcomic24b_ascii.o)
    0x08013758   0x00000030   Data   RO         3682    .constdata          GUI_CM3.lib(fcomic24b_ascii.o)
    0x08013788   0x00000030   Data   RO         3683    .constdata          GUI_CM3.lib(fcomic24b_ascii.o)
    0x080137b8   0x00000030   Data   RO         3684    .constdata          GUI_CM3.lib(fcomic24b_ascii.o)
    0x080137e8   0x00000030   Data   RO         3685    .constdata          GUI_CM3.lib(fcomic24b_ascii.o)
    0x08013818   0x00000048   Data   RO         3686    .constdata          GUI_CM3.lib(fcomic24b_ascii.o)
    0x08013860   0x00000048   Data   RO         3687    .constdata          GUI_CM3.lib(fcomic24b_ascii.o)
    0x080138a8   0x00000048   Data   RO         3688    .constdata          GUI_CM3.lib(fcomic24b_ascii.o)
    0x080138f0   0x00000030   Data   RO         3689    .constdata          GUI_CM3.lib(fcomic24b_ascii.o)
    0x08013920   0x00000048   Data   RO         3690    .constdata          GUI_CM3.lib(fcomic24b_ascii.o)
    0x08013968   0x00000030   Data   RO         3691    .constdata          GUI_CM3.lib(fcomic24b_ascii.o)
    0x08013998   0x00000030   Data   RO         3692    .constdata          GUI_CM3.lib(fcomic24b_ascii.o)
    0x080139c8   0x00000030   Data   RO         3693    .constdata          GUI_CM3.lib(fcomic24b_ascii.o)
    0x080139f8   0x00000030   Data   RO         3694    .constdata          GUI_CM3.lib(fcomic24b_ascii.o)
    0x08013a28   0x00000030   Data   RO         3695    .constdata          GUI_CM3.lib(fcomic24b_ascii.o)
    0x08013a58   0x00000048   Data   RO         3696    .constdata          GUI_CM3.lib(fcomic24b_ascii.o)
    0x08013aa0   0x00000030   Data   RO         3697    .constdata          GUI_CM3.lib(fcomic24b_ascii.o)
    0x08013ad0   0x00000030   Data   RO         3698    .constdata          GUI_CM3.lib(fcomic24b_ascii.o)
    0x08013b00   0x00000030   Data   RO         3699    .constdata          GUI_CM3.lib(fcomic24b_ascii.o)
    0x08013b30   0x00000018   Data   RO         3700    .constdata          GUI_CM3.lib(fcomic24b_ascii.o)
    0x08013b48   0x00000030   Data   RO         3701    .constdata          GUI_CM3.lib(fcomic24b_ascii.o)
    0x08013b78   0x00000018   Data   RO         3702    .constdata          GUI_CM3.lib(fcomic24b_ascii.o)
    0x08013b90   0x00000030   Data   RO         3703    .constdata          GUI_CM3.lib(fcomic24b_ascii.o)
    0x08013bc0   0x00000030   Data   RO         3704    .constdata          GUI_CM3.lib(fcomic24b_ascii.o)
    0x08013bf0   0x00000030   Data   RO         3705    .constdata          GUI_CM3.lib(fcomic24b_ascii.o)
    0x08013c20   0x00000030   Data   RO         3706    .constdata          GUI_CM3.lib(fcomic24b_ascii.o)
    0x08013c50   0x00000030   Data   RO         3707    .constdata          GUI_CM3.lib(fcomic24b_ascii.o)
    0x08013c80   0x00000030   Data   RO         3708    .constdata          GUI_CM3.lib(fcomic24b_ascii.o)
    0x08013cb0   0x00000030   Data   RO         3709    .constdata          GUI_CM3.lib(fcomic24b_ascii.o)
    0x08013ce0   0x00000030   Data   RO         3710    .constdata          GUI_CM3.lib(fcomic24b_ascii.o)
    0x08013d10   0x00000030   Data   RO         3711    .constdata          GUI_CM3.lib(fcomic24b_ascii.o)
    0x08013d40   0x00000030   Data   RO         3712    .constdata          GUI_CM3.lib(fcomic24b_ascii.o)
    0x08013d70   0x00000030   Data   RO         3713    .constdata          GUI_CM3.lib(fcomic24b_ascii.o)
    0x08013da0   0x00000018   Data   RO         3714    .constdata          GUI_CM3.lib(fcomic24b_ascii.o)
    0x08013db8   0x00000018   Data   RO         3715    .constdata          GUI_CM3.lib(fcomic24b_ascii.o)
    0x08013dd0   0x00000030   Data   RO         3716    .constdata          GUI_CM3.lib(fcomic24b_ascii.o)
    0x08013e00   0x00000018   Data   RO         3717    .constdata          GUI_CM3.lib(fcomic24b_ascii.o)
    0x08013e18   0x00000030   Data   RO         3718    .constdata          GUI_CM3.lib(fcomic24b_ascii.o)
    0x08013e48   0x00000030   Data   RO         3719    .constdata          GUI_CM3.lib(fcomic24b_ascii.o)
    0x08013e78   0x00000030   Data   RO         3720    .constdata          GUI_CM3.lib(fcomic24b_ascii.o)
    0x08013ea8   0x00000030   Data   RO         3721    .constdata          GUI_CM3.lib(fcomic24b_ascii.o)
    0x08013ed8   0x00000030   Data   RO         3722    .constdata          GUI_CM3.lib(fcomic24b_ascii.o)
    0x08013f08   0x00000030   Data   RO         3723    .constdata          GUI_CM3.lib(fcomic24b_ascii.o)
    0x08013f38   0x00000030   Data   RO         3724    .constdata          GUI_CM3.lib(fcomic24b_ascii.o)
    0x08013f68   0x00000030   Data   RO         3725    .constdata          GUI_CM3.lib(fcomic24b_ascii.o)
    0x08013f98   0x00000030   Data   RO         3726    .constdata          GUI_CM3.lib(fcomic24b_ascii.o)
    0x08013fc8   0x00000030   Data   RO         3727    .constdata          GUI_CM3.lib(fcomic24b_ascii.o)
    0x08013ff8   0x00000030   Data   RO         3728    .constdata          GUI_CM3.lib(fcomic24b_ascii.o)
    0x08014028   0x00000030   Data   RO         3729    .constdata          GUI_CM3.lib(fcomic24b_ascii.o)
    0x08014058   0x00000030   Data   RO         3730    .constdata          GUI_CM3.lib(fcomic24b_ascii.o)
    0x08014088   0x00000030   Data   RO         3731    .constdata          GUI_CM3.lib(fcomic24b_ascii.o)
    0x080140b8   0x00000018   Data   RO         3732    .constdata          GUI_CM3.lib(fcomic24b_ascii.o)
    0x080140d0   0x00000030   Data   RO         3733    .constdata          GUI_CM3.lib(fcomic24b_ascii.o)
    0x08014100   0x00000018   Data   RO         3734    .constdata          GUI_CM3.lib(fcomic24b_ascii.o)
    0x08014118   0x00000030   Data   RO         3735    .constdata          GUI_CM3.lib(fcomic24b_ascii.o)
    0x08014148   0x00000030   Data   RO         3736    .constdata          GUI_CM3.lib(fcomic24b_ascii.o)
    0x08014178   0x00000300   Data   RO         3737    .constdata          GUI_CM3.lib(fcomic24b_ascii.o)
    0x08014478   0x00000074   Data   RO         3788    .constdata          GUI_CM3.lib(guidev_16.o)
    0x080144ec   0x00000018   Data   RO         4574    .constdata          GUI_CM3.lib(guicc_0.o)
    0x08014504   0x00000018   Data   RO         4606    .constdata          GUI_CM3.lib(guicc_8888.o)
    0x0801451c   0x00000100   Data   RO         4649    .constdata          GUI_CM3.lib(lcd_mirror.o)
    0x0801461c   0x00000008   Data   RO         4684    .constdata          GUI_CM3.lib(f08_1.o)
    0x08014624   0x00000008   Data   RO         4685    .constdata          GUI_CM3.lib(f08_1.o)
    0x0801462c   0x00000008   Data   RO         4686    .constdata          GUI_CM3.lib(f08_1.o)
    0x08014634   0x00000008   Data   RO         4687    .constdata          GUI_CM3.lib(f08_1.o)
    0x0801463c   0x00000008   Data   RO         4688    .constdata          GUI_CM3.lib(f08_1.o)
    0x08014644   0x00000008   Data   RO         4689    .constdata          GUI_CM3.lib(f08_1.o)
    0x0801464c   0x00000008   Data   RO         4690    .constdata          GUI_CM3.lib(f08_1.o)
    0x08014654   0x00000008   Data   RO         4691    .constdata          GUI_CM3.lib(f08_1.o)
    0x0801465c   0x00000008   Data   RO         4692    .constdata          GUI_CM3.lib(f08_1.o)
    0x08014664   0x00000008   Data   RO         4693    .constdata          GUI_CM3.lib(f08_1.o)
    0x0801466c   0x00000008   Data   RO         4694    .constdata          GUI_CM3.lib(f08_1.o)
    0x08014674   0x00000008   Data   RO         4695    .constdata          GUI_CM3.lib(f08_1.o)
    0x0801467c   0x00000008   Data   RO         4696    .constdata          GUI_CM3.lib(f08_1.o)
    0x08014684   0x00000008   Data   RO         4697    .constdata          GUI_CM3.lib(f08_1.o)
    0x0801468c   0x00000008   Data   RO         4698    .constdata          GUI_CM3.lib(f08_1.o)
    0x08014694   0x00000008   Data   RO         4699    .constdata          GUI_CM3.lib(f08_1.o)
    0x0801469c   0x00000008   Data   RO         4700    .constdata          GUI_CM3.lib(f08_1.o)
    0x080146a4   0x00000008   Data   RO         4701    .constdata          GUI_CM3.lib(f08_1.o)
    0x080146ac   0x00000008   Data   RO         4702    .constdata          GUI_CM3.lib(f08_1.o)
    0x080146b4   0x00000008   Data   RO         4703    .constdata          GUI_CM3.lib(f08_1.o)
    0x080146bc   0x00000008   Data   RO         4704    .constdata          GUI_CM3.lib(f08_1.o)
    0x080146c4   0x00000008   Data   RO         4705    .constdata          GUI_CM3.lib(f08_1.o)
    0x080146cc   0x00000008   Data   RO         4706    .constdata          GUI_CM3.lib(f08_1.o)
    0x080146d4   0x00000008   Data   RO         4707    .constdata          GUI_CM3.lib(f08_1.o)
    0x080146dc   0x00000008   Data   RO         4708    .constdata          GUI_CM3.lib(f08_1.o)
    0x080146e4   0x00000008   Data   RO         4709    .constdata          GUI_CM3.lib(f08_1.o)
    0x080146ec   0x00000008   Data   RO         4710    .constdata          GUI_CM3.lib(f08_1.o)
    0x080146f4   0x00000008   Data   RO         4711    .constdata          GUI_CM3.lib(f08_1.o)
    0x080146fc   0x00000008   Data   RO         4712    .constdata          GUI_CM3.lib(f08_1.o)
    0x08014704   0x00000008   Data   RO         4713    .constdata          GUI_CM3.lib(f08_1.o)
    0x0801470c   0x00000008   Data   RO         4714    .constdata          GUI_CM3.lib(f08_1.o)
    0x08014714   0x00000008   Data   RO         4715    .constdata          GUI_CM3.lib(f08_1.o)
    0x0801471c   0x00000008   Data   RO         4716    .constdata          GUI_CM3.lib(f08_1.o)
    0x08014724   0x00000008   Data   RO         4717    .constdata          GUI_CM3.lib(f08_1.o)
    0x0801472c   0x00000008   Data   RO         4718    .constdata          GUI_CM3.lib(f08_1.o)
    0x08014734   0x00000008   Data   RO         4719    .constdata          GUI_CM3.lib(f08_1.o)
    0x0801473c   0x00000008   Data   RO         4720    .constdata          GUI_CM3.lib(f08_1.o)
    0x08014744   0x00000008   Data   RO         4721    .constdata          GUI_CM3.lib(f08_1.o)
    0x0801474c   0x00000008   Data   RO         4722    .constdata          GUI_CM3.lib(f08_1.o)
    0x08014754   0x00000008   Data   RO         4723    .constdata          GUI_CM3.lib(f08_1.o)
    0x0801475c   0x00000008   Data   RO         4724    .constdata          GUI_CM3.lib(f08_1.o)
    0x08014764   0x00000008   Data   RO         4725    .constdata          GUI_CM3.lib(f08_1.o)
    0x0801476c   0x00000008   Data   RO         4726    .constdata          GUI_CM3.lib(f08_1.o)
    0x08014774   0x00000008   Data   RO         4727    .constdata          GUI_CM3.lib(f08_1.o)
    0x0801477c   0x00000008   Data   RO         4728    .constdata          GUI_CM3.lib(f08_1.o)
    0x08014784   0x00000008   Data   RO         4729    .constdata          GUI_CM3.lib(f08_1.o)
    0x0801478c   0x00000008   Data   RO         4730    .constdata          GUI_CM3.lib(f08_1.o)
    0x08014794   0x00000008   Data   RO         4731    .constdata          GUI_CM3.lib(f08_1.o)
    0x0801479c   0x00000008   Data   RO         4732    .constdata          GUI_CM3.lib(f08_1.o)
    0x080147a4   0x00000008   Data   RO         4733    .constdata          GUI_CM3.lib(f08_1.o)
    0x080147ac   0x00000008   Data   RO         4734    .constdata          GUI_CM3.lib(f08_1.o)
    0x080147b4   0x00000008   Data   RO         4735    .constdata          GUI_CM3.lib(f08_1.o)
    0x080147bc   0x00000008   Data   RO         4736    .constdata          GUI_CM3.lib(f08_1.o)
    0x080147c4   0x00000008   Data   RO         4737    .constdata          GUI_CM3.lib(f08_1.o)
    0x080147cc   0x00000008   Data   RO         4738    .constdata          GUI_CM3.lib(f08_1.o)
    0x080147d4   0x00000008   Data   RO         4739    .constdata          GUI_CM3.lib(f08_1.o)
    0x080147dc   0x00000008   Data   RO         4740    .constdata          GUI_CM3.lib(f08_1.o)
    0x080147e4   0x00000008   Data   RO         4741    .constdata          GUI_CM3.lib(f08_1.o)
    0x080147ec   0x00000008   Data   RO         4742    .constdata          GUI_CM3.lib(f08_1.o)
    0x080147f4   0x00000008   Data   RO         4743    .constdata          GUI_CM3.lib(f08_1.o)
    0x080147fc   0x00000008   Data   RO         4744    .constdata          GUI_CM3.lib(f08_1.o)
    0x08014804   0x00000008   Data   RO         4745    .constdata          GUI_CM3.lib(f08_1.o)
    0x0801480c   0x00000008   Data   RO         4746    .constdata          GUI_CM3.lib(f08_1.o)
    0x08014814   0x00000008   Data   RO         4747    .constdata          GUI_CM3.lib(f08_1.o)
    0x0801481c   0x00000008   Data   RO         4748    .constdata          GUI_CM3.lib(f08_1.o)
    0x08014824   0x00000008   Data   RO         4749    .constdata          GUI_CM3.lib(f08_1.o)
    0x0801482c   0x00000008   Data   RO         4750    .constdata          GUI_CM3.lib(f08_1.o)
    0x08014834   0x00000008   Data   RO         4751    .constdata          GUI_CM3.lib(f08_1.o)
    0x0801483c   0x00000008   Data   RO         4752    .constdata          GUI_CM3.lib(f08_1.o)
    0x08014844   0x00000008   Data   RO         4753    .constdata          GUI_CM3.lib(f08_1.o)
    0x0801484c   0x00000010   Data   RO         4754    .constdata          GUI_CM3.lib(f08_1.o)
    0x0801485c   0x00000008   Data   RO         4755    .constdata          GUI_CM3.lib(f08_1.o)
    0x08014864   0x00000008   Data   RO         4756    .constdata          GUI_CM3.lib(f08_1.o)
    0x0801486c   0x00000008   Data   RO         4757    .constdata          GUI_CM3.lib(f08_1.o)
    0x08014874   0x00000008   Data   RO         4758    .constdata          GUI_CM3.lib(f08_1.o)
    0x0801487c   0x00000008   Data   RO         4759    .constdata          GUI_CM3.lib(f08_1.o)
    0x08014884   0x00000008   Data   RO         4760    .constdata          GUI_CM3.lib(f08_1.o)
    0x0801488c   0x00000008   Data   RO         4761    .constdata          GUI_CM3.lib(f08_1.o)
    0x08014894   0x00000008   Data   RO         4762    .constdata          GUI_CM3.lib(f08_1.o)
    0x0801489c   0x00000008   Data   RO         4763    .constdata          GUI_CM3.lib(f08_1.o)
    0x080148a4   0x00000008   Data   RO         4764    .constdata          GUI_CM3.lib(f08_1.o)
    0x080148ac   0x00000008   Data   RO         4765    .constdata          GUI_CM3.lib(f08_1.o)
    0x080148b4   0x00000008   Data   RO         4766    .constdata          GUI_CM3.lib(f08_1.o)
    0x080148bc   0x00000008   Data   RO         4767    .constdata          GUI_CM3.lib(f08_1.o)
    0x080148c4   0x00000008   Data   RO         4768    .constdata          GUI_CM3.lib(f08_1.o)
    0x080148cc   0x00000008   Data   RO         4769    .constdata          GUI_CM3.lib(f08_1.o)
    0x080148d4   0x00000008   Data   RO         4770    .constdata          GUI_CM3.lib(f08_1.o)
    0x080148dc   0x00000008   Data   RO         4771    .constdata          GUI_CM3.lib(f08_1.o)
    0x080148e4   0x00000008   Data   RO         4772    .constdata          GUI_CM3.lib(f08_1.o)
    0x080148ec   0x00000008   Data   RO         4773    .constdata          GUI_CM3.lib(f08_1.o)
    0x080148f4   0x00000008   Data   RO         4774    .constdata          GUI_CM3.lib(f08_1.o)
    0x080148fc   0x00000008   Data   RO         4775    .constdata          GUI_CM3.lib(f08_1.o)
    0x08014904   0x00000008   Data   RO         4776    .constdata          GUI_CM3.lib(f08_1.o)
    0x0801490c   0x00000008   Data   RO         4777    .constdata          GUI_CM3.lib(f08_1.o)
    0x08014914   0x00000008   Data   RO         4778    .constdata          GUI_CM3.lib(f08_1.o)
    0x0801491c   0x00000008   Data   RO         4779    .constdata          GUI_CM3.lib(f08_1.o)
    0x08014924   0x00000300   Data   RO         4780    .constdata          GUI_CM3.lib(f08_1.o)
    0x08014c24   0x0000000c   Data   RO         4781    .constdata          GUI_CM3.lib(f08_1.o)
    0x08014c30   0x00000024   Data   RO         4782    .constdata          GUI_CM3.lib(f08_1.o)
    0x08014c54   0x0000000d   Data   RO         4789    .constdata          GUI_CM3.lib(f13_1.o)
    0x08014c61   0x0000000d   Data   RO         4790    .constdata          GUI_CM3.lib(f13_1.o)
    0x08014c6e   0x0000000d   Data   RO         4791    .constdata          GUI_CM3.lib(f13_1.o)
    0x08014c7b   0x0000000d   Data   RO         4792    .constdata          GUI_CM3.lib(f13_1.o)
    0x08014c88   0x0000000d   Data   RO         4793    .constdata          GUI_CM3.lib(f13_1.o)
    0x08014c95   0x0000000d   Data   RO         4794    .constdata          GUI_CM3.lib(f13_1.o)
    0x08014ca2   0x0000000d   Data   RO         4795    .constdata          GUI_CM3.lib(f13_1.o)
    0x08014caf   0x0000000d   Data   RO         4796    .constdata          GUI_CM3.lib(f13_1.o)
    0x08014cbc   0x0000000d   Data   RO         4797    .constdata          GUI_CM3.lib(f13_1.o)
    0x08014cc9   0x0000001a   Data   RO         4798    .constdata          GUI_CM3.lib(f13_1.o)
    0x08014ce3   0x0000000d   Data   RO         4799    .constdata          GUI_CM3.lib(f13_1.o)
    0x08014cf0   0x0000000d   Data   RO         4800    .constdata          GUI_CM3.lib(f13_1.o)
    0x08014cfd   0x0000000d   Data   RO         4801    .constdata          GUI_CM3.lib(f13_1.o)
    0x08014d0a   0x0000000d   Data   RO         4802    .constdata          GUI_CM3.lib(f13_1.o)
    0x08014d17   0x0000001a   Data   RO         4803    .constdata          GUI_CM3.lib(f13_1.o)
    0x08014d31   0x0000000d   Data   RO         4804    .constdata          GUI_CM3.lib(f13_1.o)
    0x08014d3e   0x0000000d   Data   RO         4805    .constdata          GUI_CM3.lib(f13_1.o)
    0x08014d4b   0x0000000d   Data   RO         4806    .constdata          GUI_CM3.lib(f13_1.o)
    0x08014d58   0x0000000d   Data   RO         4807    .constdata          GUI_CM3.lib(f13_1.o)
    0x08014d65   0x0000000d   Data   RO         4808    .constdata          GUI_CM3.lib(f13_1.o)
    0x08014d72   0x0000000d   Data   RO         4809    .constdata          GUI_CM3.lib(f13_1.o)
    0x08014d7f   0x0000000d   Data   RO         4810    .constdata          GUI_CM3.lib(f13_1.o)
    0x08014d8c   0x0000000d   Data   RO         4811    .constdata          GUI_CM3.lib(f13_1.o)
    0x08014d99   0x0000000d   Data   RO         4812    .constdata          GUI_CM3.lib(f13_1.o)
    0x08014da6   0x0000000d   Data   RO         4813    .constdata          GUI_CM3.lib(f13_1.o)
    0x08014db3   0x0000000d   Data   RO         4814    .constdata          GUI_CM3.lib(f13_1.o)
    0x08014dc0   0x0000000d   Data   RO         4815    .constdata          GUI_CM3.lib(f13_1.o)
    0x08014dcd   0x0000000d   Data   RO         4816    .constdata          GUI_CM3.lib(f13_1.o)
    0x08014dda   0x0000001a   Data   RO         4817    .constdata          GUI_CM3.lib(f13_1.o)
    0x08014df4   0x0000001a   Data   RO         4818    .constdata          GUI_CM3.lib(f13_1.o)
    0x08014e0e   0x0000001a   Data   RO         4819    .constdata          GUI_CM3.lib(f13_1.o)
    0x08014e28   0x0000000d   Data   RO         4820    .constdata          GUI_CM3.lib(f13_1.o)
    0x08014e35   0x0000000d   Data   RO         4821    .constdata          GUI_CM3.lib(f13_1.o)
    0x08014e42   0x0000000d   Data   RO         4822    .constdata          GUI_CM3.lib(f13_1.o)
    0x08014e4f   0x0000000d   Data   RO         4823    .constdata          GUI_CM3.lib(f13_1.o)
    0x08014e5c   0x0000000d   Data   RO         4824    .constdata          GUI_CM3.lib(f13_1.o)
    0x08014e69   0x0000000d   Data   RO         4825    .constdata          GUI_CM3.lib(f13_1.o)
    0x08014e76   0x0000000d   Data   RO         4826    .constdata          GUI_CM3.lib(f13_1.o)
    0x08014e83   0x0000001a   Data   RO         4827    .constdata          GUI_CM3.lib(f13_1.o)
    0x08014e9d   0x0000000d   Data   RO         4828    .constdata          GUI_CM3.lib(f13_1.o)
    0x08014eaa   0x0000000d   Data   RO         4829    .constdata          GUI_CM3.lib(f13_1.o)
    0x08014eb7   0x0000000d   Data   RO         4830    .constdata          GUI_CM3.lib(f13_1.o)
    0x08014ec4   0x0000000d   Data   RO         4831    .constdata          GUI_CM3.lib(f13_1.o)
    0x08014ed1   0x0000000d   Data   RO         4832    .constdata          GUI_CM3.lib(f13_1.o)
    0x08014ede   0x0000000d   Data   RO         4833    .constdata          GUI_CM3.lib(f13_1.o)
    0x08014eeb   0x0000000d   Data   RO         4834    .constdata          GUI_CM3.lib(f13_1.o)
    0x08014ef8   0x0000000d   Data   RO         4835    .constdata          GUI_CM3.lib(f13_1.o)
    0x08014f05   0x0000000d   Data   RO         4836    .constdata          GUI_CM3.lib(f13_1.o)
    0x08014f12   0x0000000d   Data   RO         4837    .constdata          GUI_CM3.lib(f13_1.o)
    0x08014f1f   0x0000000d   Data   RO         4838    .constdata          GUI_CM3.lib(f13_1.o)
    0x08014f2c   0x0000000d   Data   RO         4839    .constdata          GUI_CM3.lib(f13_1.o)
    0x08014f39   0x0000000d   Data   RO         4840    .constdata          GUI_CM3.lib(f13_1.o)
    0x08014f46   0x0000000d   Data   RO         4841    .constdata          GUI_CM3.lib(f13_1.o)
    0x08014f53   0x0000000d   Data   RO         4842    .constdata          GUI_CM3.lib(f13_1.o)
    0x08014f60   0x0000000d   Data   RO         4843    .constdata          GUI_CM3.lib(f13_1.o)
    0x08014f6d   0x0000000d   Data   RO         4844    .constdata          GUI_CM3.lib(f13_1.o)
    0x08014f7a   0x0000000d   Data   RO         4845    .constdata          GUI_CM3.lib(f13_1.o)
    0x08014f87   0x0000000d   Data   RO         4846    .constdata          GUI_CM3.lib(f13_1.o)
    0x08014f94   0x0000000d   Data   RO         4847    .constdata          GUI_CM3.lib(f13_1.o)
    0x08014fa1   0x0000000d   Data   RO         4848    .constdata          GUI_CM3.lib(f13_1.o)
    0x08014fae   0x0000000d   Data   RO         4849    .constdata          GUI_CM3.lib(f13_1.o)
    0x08014fbb   0x0000000d   Data   RO         4850    .constdata          GUI_CM3.lib(f13_1.o)
    0x08014fc8   0x0000000d   Data   RO         4851    .constdata          GUI_CM3.lib(f13_1.o)
    0x08014fd5   0x0000000d   Data   RO         4852    .constdata          GUI_CM3.lib(f13_1.o)
    0x08014fe2   0x0000000d   Data   RO         4853    .constdata          GUI_CM3.lib(f13_1.o)
    0x08014fef   0x0000000d   Data   RO         4854    .constdata          GUI_CM3.lib(f13_1.o)
    0x08014ffc   0x0000000d   Data   RO         4855    .constdata          GUI_CM3.lib(f13_1.o)
    0x08015009   0x0000000d   Data   RO         4856    .constdata          GUI_CM3.lib(f13_1.o)
    0x08015016   0x0000000d   Data   RO         4857    .constdata          GUI_CM3.lib(f13_1.o)
    0x08015023   0x0000000d   Data   RO         4858    .constdata          GUI_CM3.lib(f13_1.o)
    0x08015030   0x0000001a   Data   RO         4859    .constdata          GUI_CM3.lib(f13_1.o)
    0x0801504a   0x0000000d   Data   RO         4860    .constdata          GUI_CM3.lib(f13_1.o)
    0x08015057   0x0000000d   Data   RO         4861    .constdata          GUI_CM3.lib(f13_1.o)
    0x08015064   0x0000000d   Data   RO         4862    .constdata          GUI_CM3.lib(f13_1.o)
    0x08015071   0x0000000d   Data   RO         4863    .constdata          GUI_CM3.lib(f13_1.o)
    0x0801507e   0x0000000d   Data   RO         4864    .constdata          GUI_CM3.lib(f13_1.o)
    0x0801508b   0x0000000d   Data   RO         4865    .constdata          GUI_CM3.lib(f13_1.o)
    0x08015098   0x0000000d   Data   RO         4866    .constdata          GUI_CM3.lib(f13_1.o)
    0x080150a5   0x0000000d   Data   RO         4867    .constdata          GUI_CM3.lib(f13_1.o)
    0x080150b2   0x0000000d   Data   RO         4868    .constdata          GUI_CM3.lib(f13_1.o)
    0x080150bf   0x0000000d   Data   RO         4869    .constdata          GUI_CM3.lib(f13_1.o)
    0x080150cc   0x0000000d   Data   RO         4870    .constdata          GUI_CM3.lib(f13_1.o)
    0x080150d9   0x0000000d   Data   RO         4871    .constdata          GUI_CM3.lib(f13_1.o)
    0x080150e6   0x0000000d   Data   RO         4872    .constdata          GUI_CM3.lib(f13_1.o)
    0x080150f3   0x0000000d   Data   RO         4873    .constdata          GUI_CM3.lib(f13_1.o)
    0x08015100   0x0000000d   Data   RO         4874    .constdata          GUI_CM3.lib(f13_1.o)
    0x0801510d   0x0000000d   Data   RO         4875    .constdata          GUI_CM3.lib(f13_1.o)
    0x0801511a   0x0000000d   Data   RO         4876    .constdata          GUI_CM3.lib(f13_1.o)
    0x08015127   0x0000000d   Data   RO         4877    .constdata          GUI_CM3.lib(f13_1.o)
    0x08015134   0x0000000d   Data   RO         4878    .constdata          GUI_CM3.lib(f13_1.o)
    0x08015141   0x0000000d   Data   RO         4879    .constdata          GUI_CM3.lib(f13_1.o)
    0x0801514e   0x0000000d   Data   RO         4880    .constdata          GUI_CM3.lib(f13_1.o)
    0x0801515b   0x0000000d   Data   RO         4881    .constdata          GUI_CM3.lib(f13_1.o)
    0x08015168   0x0000000d   Data   RO         4882    .constdata          GUI_CM3.lib(f13_1.o)
    0x08015175   0x0000000d   Data   RO         4883    .constdata          GUI_CM3.lib(f13_1.o)
    0x08015182   0x0000000d   Data   RO         4884    .constdata          GUI_CM3.lib(f13_1.o)
    0x0801518f   0x00000001   PAD
    0x08015190   0x00000300   Data   RO         4885    .constdata          GUI_CM3.lib(f13_1.o)
    0x08015490   0x0000000c   Data   RO         4886    .constdata          GUI_CM3.lib(f13_1.o)
    0x0801549c   0x00000024   Data   RO         4887    .constdata          GUI_CM3.lib(f13_1.o)
    0x080154c0   0x00000074   Data   RO         4911    .constdata          GUI_CM3.lib(guidev_32.o)
    0x08015534   0x00000018   Data   RO         5019    .constdata          GUI_CM3.lib(guidev_usagebm.o)
    0x0801554c   0x00000008   Data   RO         5046    .constdata          GUI_CM3.lib(guidev_writetoactiveopaque.o)
    0x08015554   0x0000000c   Data   RO         5061    .constdata          GUI_CM3.lib(button_skinclassic.o)
    0x08015560   0x0000000c   Data   RO         5078    .constdata          GUI_CM3.lib(framewin_skinclassic.o)
    0x0801556c   0x0000000c   Data   RO         5096    .constdata          GUI_CM3.lib(slider_skinclassic.o)
    0x08015578   0x0000001c   Data   RO         5114    .constdata          GUI_CM3.lib(widget_effect_3d.o)
    0x08015594   0x000002f8   Data   RO         5639    .constdata          GUI_CM3.lib(f08_ascii.o)
    0x0801588c   0x000002f8   Data   RO         5640    .constdata          GUI_CM3.lib(f08_ascii.o)
    0x08015b84   0x0000000c   Data   RO         5641    .constdata          GUI_CM3.lib(f08_ascii.o)
    0x08015b90   0x0000000d   Data   RO         5649    .constdata          GUI_CM3.lib(f13_ascii.o)
    0x08015b9d   0x0000000d   Data   RO         5650    .constdata          GUI_CM3.lib(f13_ascii.o)
    0x08015baa   0x0000000d   Data   RO         5651    .constdata          GUI_CM3.lib(f13_ascii.o)
    0x08015bb7   0x0000000d   Data   RO         5652    .constdata          GUI_CM3.lib(f13_ascii.o)
    0x08015bc4   0x0000000d   Data   RO         5653    .constdata          GUI_CM3.lib(f13_ascii.o)
    0x08015bd1   0x0000001a   Data   RO         5654    .constdata          GUI_CM3.lib(f13_ascii.o)
    0x08015beb   0x0000000d   Data   RO         5655    .constdata          GUI_CM3.lib(f13_ascii.o)
    0x08015bf8   0x0000000d   Data   RO         5656    .constdata          GUI_CM3.lib(f13_ascii.o)
    0x08015c05   0x0000000d   Data   RO         5657    .constdata          GUI_CM3.lib(f13_ascii.o)
    0x08015c12   0x0000000d   Data   RO         5658    .constdata          GUI_CM3.lib(f13_ascii.o)
    0x08015c1f   0x0000000d   Data   RO         5659    .constdata          GUI_CM3.lib(f13_ascii.o)
    0x08015c2c   0x0000000d   Data   RO         5660    .constdata          GUI_CM3.lib(f13_ascii.o)
    0x08015c39   0x0000000d   Data   RO         5661    .constdata          GUI_CM3.lib(f13_ascii.o)
    0x08015c46   0x0000000d   Data   RO         5662    .constdata          GUI_CM3.lib(f13_ascii.o)
    0x08015c53   0x0000000d   Data   RO         5663    .constdata          GUI_CM3.lib(f13_ascii.o)
    0x08015c60   0x0000000d   Data   RO         5664    .constdata          GUI_CM3.lib(f13_ascii.o)
    0x08015c6d   0x0000000d   Data   RO         5665    .constdata          GUI_CM3.lib(f13_ascii.o)
    0x08015c7a   0x0000000d   Data   RO         5666    .constdata          GUI_CM3.lib(f13_ascii.o)
    0x08015c87   0x0000000d   Data   RO         5667    .constdata          GUI_CM3.lib(f13_ascii.o)
    0x08015c94   0x0000000d   Data   RO         5668    .constdata          GUI_CM3.lib(f13_ascii.o)
    0x08015ca1   0x0000000d   Data   RO         5669    .constdata          GUI_CM3.lib(f13_ascii.o)
    0x08015cae   0x0000000d   Data   RO         5670    .constdata          GUI_CM3.lib(f13_ascii.o)
    0x08015cbb   0x0000000d   Data   RO         5671    .constdata          GUI_CM3.lib(f13_ascii.o)
    0x08015cc8   0x0000000d   Data   RO         5672    .constdata          GUI_CM3.lib(f13_ascii.o)
    0x08015cd5   0x0000000d   Data   RO         5673    .constdata          GUI_CM3.lib(f13_ascii.o)
    0x08015ce2   0x0000000d   Data   RO         5674    .constdata          GUI_CM3.lib(f13_ascii.o)
    0x08015cef   0x0000000d   Data   RO         5675    .constdata          GUI_CM3.lib(f13_ascii.o)
    0x08015cfc   0x0000000d   Data   RO         5676    .constdata          GUI_CM3.lib(f13_ascii.o)
    0x08015d09   0x0000000d   Data   RO         5677    .constdata          GUI_CM3.lib(f13_ascii.o)
    0x08015d16   0x0000000d   Data   RO         5678    .constdata          GUI_CM3.lib(f13_ascii.o)
    0x08015d23   0x0000000d   Data   RO         5679    .constdata          GUI_CM3.lib(f13_ascii.o)
    0x08015d30   0x0000000d   Data   RO         5680    .constdata          GUI_CM3.lib(f13_ascii.o)
    0x08015d3d   0x0000001a   Data   RO         5681    .constdata          GUI_CM3.lib(f13_ascii.o)
    0x08015d57   0x0000000d   Data   RO         5682    .constdata          GUI_CM3.lib(f13_ascii.o)
    0x08015d64   0x0000000d   Data   RO         5683    .constdata          GUI_CM3.lib(f13_ascii.o)
    0x08015d71   0x0000000d   Data   RO         5684    .constdata          GUI_CM3.lib(f13_ascii.o)
    0x08015d7e   0x0000000d   Data   RO         5685    .constdata          GUI_CM3.lib(f13_ascii.o)
    0x08015d8b   0x0000000d   Data   RO         5686    .constdata          GUI_CM3.lib(f13_ascii.o)
    0x08015d98   0x0000000d   Data   RO         5687    .constdata          GUI_CM3.lib(f13_ascii.o)
    0x08015da5   0x0000000d   Data   RO         5688    .constdata          GUI_CM3.lib(f13_ascii.o)
    0x08015db2   0x0000000d   Data   RO         5689    .constdata          GUI_CM3.lib(f13_ascii.o)
    0x08015dbf   0x0000000d   Data   RO         5690    .constdata          GUI_CM3.lib(f13_ascii.o)
    0x08015dcc   0x0000000d   Data   RO         5691    .constdata          GUI_CM3.lib(f13_ascii.o)
    0x08015dd9   0x0000000d   Data   RO         5692    .constdata          GUI_CM3.lib(f13_ascii.o)
    0x08015de6   0x0000000d   Data   RO         5693    .constdata          GUI_CM3.lib(f13_ascii.o)
    0x08015df3   0x0000000d   Data   RO         5694    .constdata          GUI_CM3.lib(f13_ascii.o)
    0x08015e00   0x0000000d   Data   RO         5695    .constdata          GUI_CM3.lib(f13_ascii.o)
    0x08015e0d   0x0000000d   Data   RO         5696    .constdata          GUI_CM3.lib(f13_ascii.o)
    0x08015e1a   0x0000000d   Data   RO         5697    .constdata          GUI_CM3.lib(f13_ascii.o)
    0x08015e27   0x0000000d   Data   RO         5698    .constdata          GUI_CM3.lib(f13_ascii.o)
    0x08015e34   0x0000000d   Data   RO         5699    .constdata          GUI_CM3.lib(f13_ascii.o)
    0x08015e41   0x0000000d   Data   RO         5700    .constdata          GUI_CM3.lib(f13_ascii.o)
    0x08015e4e   0x0000000d   Data   RO         5701    .constdata          GUI_CM3.lib(f13_ascii.o)
    0x08015e5b   0x0000000d   Data   RO         5702    .constdata          GUI_CM3.lib(f13_ascii.o)
    0x08015e68   0x0000000d   Data   RO         5703    .constdata          GUI_CM3.lib(f13_ascii.o)
    0x08015e75   0x0000001a   Data   RO         5704    .constdata          GUI_CM3.lib(f13_ascii.o)
    0x08015e8f   0x0000000d   Data   RO         5705    .constdata          GUI_CM3.lib(f13_ascii.o)
    0x08015e9c   0x0000000d   Data   RO         5706    .constdata          GUI_CM3.lib(f13_ascii.o)
    0x08015ea9   0x0000000d   Data   RO         5707    .constdata          GUI_CM3.lib(f13_ascii.o)
    0x08015eb6   0x0000000d   Data   RO         5708    .constdata          GUI_CM3.lib(f13_ascii.o)
    0x08015ec3   0x0000000d   Data   RO         5709    .constdata          GUI_CM3.lib(f13_ascii.o)
    0x08015ed0   0x0000000d   Data   RO         5710    .constdata          GUI_CM3.lib(f13_ascii.o)
    0x08015edd   0x0000000d   Data   RO         5711    .constdata          GUI_CM3.lib(f13_ascii.o)
    0x08015eea   0x0000000d   Data   RO         5712    .constdata          GUI_CM3.lib(f13_ascii.o)
    0x08015ef7   0x0000000d   Data   RO         5713    .constdata          GUI_CM3.lib(f13_ascii.o)
    0x08015f04   0x0000000d   Data   RO         5714    .constdata          GUI_CM3.lib(f13_ascii.o)
    0x08015f11   0x0000000d   Data   RO         5715    .constdata          GUI_CM3.lib(f13_ascii.o)
    0x08015f1e   0x0000000d   Data   RO         5716    .constdata          GUI_CM3.lib(f13_ascii.o)
    0x08015f2b   0x0000000d   Data   RO         5717    .constdata          GUI_CM3.lib(f13_ascii.o)
    0x08015f38   0x0000000d   Data   RO         5718    .constdata          GUI_CM3.lib(f13_ascii.o)
    0x08015f45   0x0000000d   Data   RO         5719    .constdata          GUI_CM3.lib(f13_ascii.o)
    0x08015f52   0x0000000d   Data   RO         5720    .constdata          GUI_CM3.lib(f13_ascii.o)
    0x08015f5f   0x0000000d   Data   RO         5721    .constdata          GUI_CM3.lib(f13_ascii.o)
    0x08015f6c   0x0000000d   Data   RO         5722    .constdata          GUI_CM3.lib(f13_ascii.o)
    0x08015f79   0x0000000d   Data   RO         5723    .constdata          GUI_CM3.lib(f13_ascii.o)
    0x08015f86   0x0000000d   Data   RO         5724    .constdata          GUI_CM3.lib(f13_ascii.o)
    0x08015f93   0x0000000d   Data   RO         5725    .constdata          GUI_CM3.lib(f13_ascii.o)
    0x08015fa0   0x0000000d   Data   RO         5726    .constdata          GUI_CM3.lib(f13_ascii.o)
    0x08015fad   0x0000000d   Data   RO         5727    .constdata          GUI_CM3.lib(f13_ascii.o)
    0x08015fba   0x0000000d   Data   RO         5728    .constdata          GUI_CM3.lib(f13_ascii.o)
    0x08015fc7   0x0000000d   Data   RO         5729    .constdata          GUI_CM3.lib(f13_ascii.o)
    0x08015fd4   0x0000000d   Data   RO         5730    .constdata          GUI_CM3.lib(f13_ascii.o)
    0x08015fe1   0x0000000d   Data   RO         5731    .constdata          GUI_CM3.lib(f13_ascii.o)
    0x08015fee   0x0000000d   Data   RO         5732    .constdata          GUI_CM3.lib(f13_ascii.o)
    0x08015ffb   0x0000000d   Data   RO         5733    .constdata          GUI_CM3.lib(f13_ascii.o)
    0x08016008   0x0000000d   Data   RO         5734    .constdata          GUI_CM3.lib(f13_ascii.o)
    0x08016015   0x0000000d   Data   RO         5735    .constdata          GUI_CM3.lib(f13_ascii.o)
    0x08016022   0x0000000d   Data   RO         5736    .constdata          GUI_CM3.lib(f13_ascii.o)
    0x0801602f   0x0000000d   Data   RO         5737    .constdata          GUI_CM3.lib(f13_ascii.o)
    0x0801603c   0x0000000d   Data   RO         5738    .constdata          GUI_CM3.lib(f13_ascii.o)
    0x08016049   0x0000000d   Data   RO         5739    .constdata          GUI_CM3.lib(f13_ascii.o)
    0x08016056   0x0000000d   Data   RO         5740    .constdata          GUI_CM3.lib(f13_ascii.o)
    0x08016063   0x0000000d   Data   RO         5741    .constdata          GUI_CM3.lib(f13_ascii.o)
    0x08016070   0x0000000d   Data   RO         5742    .constdata          GUI_CM3.lib(f13_ascii.o)
    0x0801607d   0x0000000d   Data   RO         5743    .constdata          GUI_CM3.lib(f13_ascii.o)
    0x0801608a   0x00000002   PAD
    0x0801608c   0x000002f8   Data   RO         5744    .constdata          GUI_CM3.lib(f13_ascii.o)
    0x08016384   0x0000000c   Data   RO         5745    .constdata          GUI_CM3.lib(f13_ascii.o)
    0x08016390   0x00000017   Data   RO         1039    .conststring        main.o
    0x080163a7   0x00000001   PAD
    0x080163a8   0x00000020   Data   RO         6310    Region$$Table       anon$$obj.o


    Execution Region RW_IRAM1 (Base: 0x20000000, Size: 0x000087f8, Max: 0x00010000, ABSOLUTE, COMPRESSED[0x000000a0])

    Base Addr    Size         Type   Attr      Idx    E Section Name        Object

    0x20000000   0x00000014   Data   RW           30    .data               system_stm32f10x.o
    0x20000014   0x00000004   Data   RW         1384    .data               gui_x.o
    0x20000018   0x00000002   Data   RW         1824    .data               adc_setup.o
    0x2000001a   0x00000004   Data   RW         1883    .data               touchscreen.o
    0x2000001e   0x00000002   PAD
    0x20000020   0x00000014   Data   RW         1984    .data               GUI_CM3.lib(gui_alloc.o)
    0x20000034   0x0000001c   Data   RW         2037    .data               GUI_CM3.lib(gui_core.o)
    0x20000050   0x00000004   Data   RW         2038    .data               GUI_CM3.lib(gui_core.o)
    0x20000054   0x00000004   Data   RW         2039    .data               GUI_CM3.lib(gui_core.o)
    0x20000058   0x00000004   Data   RW         2040    .data               GUI_CM3.lib(gui_core.o)
    0x2000005c   0x00000004   Data   RW         2041    .data               GUI_CM3.lib(gui_core.o)
    0x20000060   0x00000004   Data   RW         2042    .data               GUI_CM3.lib(gui_core.o)
    0x20000064   0x00000002   Data   RW         2043    .data               GUI_CM3.lib(gui_core.o)
    0x20000066   0x00000002   Data   RW         2044    .data               GUI_CM3.lib(gui_core.o)
    0x20000068   0x0000001c   Data   RW         2651    .data               GUI_CM3.lib(guidrv_flexcolor.o)
    0x20000084   0x00000008   Data   RW         2754    .data               GUI_CM3.lib(guidrv_flexcolor_func66709.o)
    0x2000008c   0x00000044   Data   RW         2879    .data               GUI_CM3.lib(wm.o)
    0x200000d0   0x00000001   Data   RW         2880    .data               GUI_CM3.lib(wm.o)
    0x200000d1   0x00000003   PAD
    0x200000d4   0x00000004   Data   RW         3001    .data               GUI_CM3.lib(gui__managecache.o)
    0x200000d8   0x00000004   Data   RW         3063    .data               GUI_CM3.lib(gui_charline.o)
    0x200000dc   0x0000000c   Data   RW         3186    .data               GUI_CM3.lib(gui_onkey.o)
    0x200000e8   0x0000001c   Data   RW         3318    .data               GUI_CM3.lib(gui_task.o)
    0x20000104   0x0000000c   Data   RW         3395    .data               GUI_CM3.lib(gui_waitevent.o)
    0x20000110   0x00000004   Data   RW         3435    .data               GUI_CM3.lib(lcd.o)
    0x20000114   0x00000010   Data   RW         3466    .data               GUI_CM3.lib(lcd_color.o)
    0x20000124   0x00000004   Data   RW         3467    .data               GUI_CM3.lib(lcd_color.o)
    0x20000128   0x00000004   Data   RW         3468    .data               GUI_CM3.lib(lcd_color.o)
    0x2000012c   0x00000004   Data   RW         3814    .data               GUI_CM3.lib(guidev_banding.o)
    0x20000130   0x00000001   Data   RW         3834    .data               GUI_CM3.lib(guidev_staticdevices.o)
    0x20000131   0x00000003   PAD
    0x20000134   0x0000003c   Data   RW         3869    .data               GUI_CM3.lib(button.o)
    0x20000170   0x00000030   Data   RW         3911    .data               GUI_CM3.lib(framewin.o)
    0x200001a0   0x00000018   Data   RW         3948    .data               GUI_CM3.lib(slider.o)
    0x200001b8   0x00000004   Data   RW         3993    .data               GUI_CM3.lib(widget.o)
    0x200001bc   0x00000004   Data   RW         4026    .data               GUI_CM3.lib(wm__sendmessage.o)
    0x200001c0   0x00000020   Data   RW         4150    .data               GUI_CM3.lib(wm_touch.o)
    0x200001e0   0x0000001c   Data   RW         4169    .data               GUI_CM3.lib(gui__alpha.o)
    0x200001fc   0x0000001c   Data   RW         4468    .data               GUI_CM3.lib(gui_setalpha.o)
    0x20000218   0x00000014   Data   RW         4545    .data               GUI_CM3.lib(gui_timer.o)
    0x2000022c   0x00000008   Data   RW         5079    .data               GUI_CM3.lib(framewin_skinclassic.o)
    0x20000234   0x00000014   Data   RW         5115    .data               GUI_CM3.lib(widget_effect_3d.o)
    0x20000248   0x00000004   Data   RW         5357    .data               GUI_CM3.lib(wm_setcapturemove.o)
    0x2000024c   0x00000004   Data   RW         5595    .data               GUI_CM3.lib(lcd_aa.o)
    0x20000250   0x00008000   Zero   RW         1535    .bss                guiconf.o
    0x20008250   0x0000000e   Zero   RW         1823    .bss                adc_setup.o
    0x2000825e   0x00000002   PAD
    0x20008260   0x000000bc   Zero   RW         1982    .bss                GUI_CM3.lib(gui_alloc.o)
    0x2000831c   0x00000068   Zero   RW         2035    .bss                GUI_CM3.lib(gui_core.o)
    0x20008384   0x00000018   Zero   RW         2878    .bss                GUI_CM3.lib(wm.o)
    0x2000839c   0x00000058   Zero   RW         3185    .bss                GUI_CM3.lib(gui_onkey.o)
    0x200083f4   0x00000004   PAD
    0x200083f8   0x00000400   Zero   RW            1    STACK               startup_stm32f10x_hd.o


==============================================================================

Image component sizes


      Code (inc. data)   RO Data    RW Data    ZI Data      Debug   Object Name

       328         26          0          2         14       2437   adc_setup.o
         0          0          0          0          0       4504   core_cm3.o
       236         34          0          4          0      74443   gui_x.o
        24          4          0          0      32768        599   guiconf.o
      1212        130          0          0          0      11424   lcdconf.o
       384         98       9039          0          0      83004   main.o
         0          0          0          0          0     203232   misc.o
        36          8        304          0       1024        916   startup_stm32f10x_hd.o
       502         24          0          0          0      19989   stm32f10x_adc.o
       434          8          0          0          0      14717   stm32f10x_dma.o
       286          0          0          0          0      12128   stm32f10x_gpio.o
        24          0          0          0          0       4244   stm32f10x_it.o
        96         18          0          0          0       2110   stm32f10x_rcc.o
       328         28          0         20          0       2677   system_stm32f10x.o
       672         62          0          4          0       5674   touchscreen.o

    ----------------------------------------------------------------------
      4570        440       9376         32      33808     442098   Object Totals
         0          0         32          0          0          0   (incl. Generated)
         8          0          1          2          2          0   (incl. Padding)

    ----------------------------------------------------------------------

      Code (inc. data)   RO Data    RW Data    ZI Data      Debug   Library Member Name

       618         14          0         60          0        616   button.o
        68          0          0          0          0         88   button_createindirect.o
       336          0         12          0          0        156   button_skinclassic.o
         0          0       1592          0          0          0   f08_1.o
         0          0       1532          0          0          0   f08_ascii.o
         0          0       2155          0          0          0   f13_1.o
         0          0       2046          0          0          0   f13_ascii.o
         0          0       1816          0          0          0   f6x8.o
         0          0       5604          0          0          0   fcomic24b_1.o
         0          0       5328          0          0          0   fcomic24b_ascii.o
      1672         28          0         48          0        968   framewin.o
        64          0          0          0          0         88   framewin_createindirect.o
        42          0          0          0          0         84   framewin_setownerdraw.o
       492         12         12          8          0        324   framewin_skinclassic.o
       128          6          0          0          0         84   gui_2dlib.o
       530         26          0         28          0        336   gui__alpha.o
       158          0          0          0          0         84   gui__calctextrect.o
       648          0          0          0          0        160   gui__compactpixelindices.o
         0          0        256          0          0          0   gui__divtbl_255_31.o
         0          0        256          0          0          0   gui__divtbl_255_63.o
         0          0         32          0          0          0   gui__divtbl_31_255.o
         0          0         64          0          0          0   gui__divtbl_63_255.o
       316          0          0          0          0        108   gui__expandpixelindices.o
        26          0          0          0          0         80   gui__getnumchars.o
        24          0          0          0          0         68   gui__handleeoline.o
        58          0          0          0          0         68   gui__intersectrect.o
        82          0          0          0          0         80   gui__intersectrects.o
       188         10          0          4          0        152   gui__managecache.o
        76          0          0          0          0         76   gui__memset.o
        58          0          0          0          0         76   gui__memset16.o
        26          0          0          0          0         68   gui__reducerect.o
        96          0          0          0          0         80   gui__setpixelalpha.o
       108          0          0          0          0         88   gui__settext.o
        72          4          0          0          0        148   gui__strcmp.o
        20          0          0          0          0         68   gui__strlen.o
       212         14         40          0          0        236   gui_adddecshift.o
      2072        204        516         20        188       2128   gui_alloc.o
        46          0          0          0          0         80   gui_alloc_alloczero.o
        68          0          0          0          0         76   gui_calccolordist.o
       156         20          0          0          0        308   gui_char.o
       442         38          0          4          0        472   gui_charline.o
       390         14          0          0          0        300   gui_charm.o
       300         14          0          0          0        384   gui_charp.o
        20          0          0          0          0         68   gui_clearrectex.o
       396         54          8         52        104        540   gui_core.o
       344         30          0          0          0        448   gui_device.o
       256          4          0          0          0        104   gui_dispstring.o
        36          4          0          0          0         88   gui_dispstringat.o
        52          6          0          0          0         92   gui_dispstringhcenter.o
       402          4          0          0          0        248   gui_dispstringinrect.o
        44          0          0          0          0         88   gui_draw.o
       164          4          0          0          0         76   gui_drawfocusrect.o
        84          6          0          0          0         84   gui_drawhline.o
        76          4          0          0          0         80   gui_drawvline.o
        12          6          0          0          0         68   gui_error.o
        52          4          0          0          0        152   gui_exec.o
        88          6          0          0          0         84   gui_fillrect.o
        20          0          0          0          0         68   gui_fillrectex.o
        10          0          0          0          0         68   gui_getclientrect.o
        48          0          0          0          0        152   gui_getcolor.o
        54         10          0          0          0        156   gui_getorg.o
        20          0          0          0          0         80   gui_getstringdistx.o
         8          0          0          0          0         68   gui_getysizeoffont.o
       106          8          0          0          0        368   gui_goto.o
     11344        196        976          0          0       5336   gui_jpeg.o
        88          0          0          0          0         76   gui_mergerect.o
        30          0          0          0          0         68   gui_moverect.o
       102         12          0         12         88        284   gui_onkey.o
        28          6          0          0          0         80   gui_pen.o
        56          0          0          0          0         68   gui_rectsintersect.o
        28         10          0          0          0        136   gui_savecontext.o
        36          6          0          0          0         80   gui_selectlayer.o
        26          0          0          0          0         80   gui_selectlcd.o
        36          4          0         28          0         76   gui_setalpha.o
        44          0          0          0          0        160   gui_setcolor.o
        64          6          0          0          0         80   gui_setdefault.o
        24          0          0          0          0         76   gui_setdrawmode.o
        28          4          0          0          0         80   gui_setfont.o
        28          6          0          0          0         80   gui_setlinestyle.o
        60         14          0          0          0         88   gui_setorg.o
        72          6          0          0          0         88   gui_setpixelindex.o
        28          4          0          0          0         80   gui_settextalign.o
        28          4          0          0          0         80   gui_settextmode.o
       336         36          0         28          0        396   gui_task.o
       104          6          0          0          0         84   gui_time.o
       354         16          0         20          0        484   gui_timer.o
        84         10          0          0          0        168   gui_uc.o
        18          0         16          0          0        272   gui_uc_encodenone.o
        62          0          0          0          0        156   gui_val.o
       170          6          0          0          0        272   gui_valf.o
        16          4          0         12          0         68   gui_waitevent.o
       198          0         24          0          0        244   guicc_0.o
       174         28         24          0          0        312   guicc_565.o
        44         10          0          0          0         76   guicc_565_index2color.o
        36          0         24          0          0        288   guicc_8888.o
         2          0          0          0          0         68   guicc_8888_index2color.o
         2          0          0          0          0         68   guicc_888_index2color.o
       750         28          0          0          0        672   guidev.o
      2232         70        116          0          0       1324   guidev_16.o
      2300         66        116          0          0       1428   guidev_32.o
       292         10          0          4          0        164   guidev_banding.o
        68          6          0          0          0         76   guidev_clear.o
        34          0          0          0          0         80   guidev_getdataptr.o
        48          4          0          0          0         80   guidev_getysize.o
        56          6          0          0          0         80   guidev_reduceysize.o
       100          6          0          0          0         80   guidev_setorg.o
       308         12          0          1          0        176   guidev_staticdevices.o
        84          0          0          0          0        164   guidev_usage.o
       460          4         24          0          0        460   guidev_usagebm.o
       116          4          0          0          0        148   guidev_write.o
       272         10          0          0          0         96   guidev_writetoactivealpha.o
      1686         12          8          0          0        384   guidev_writetoactiveopaque.o
      1270         60        116         28          0       2940   guidrv_flexcolor.o
      1796         66          0          0          0       1016   guidrv_flexcolor_16bpp_c0b8.o
       872         56          0          8          0       1160   guidrv_flexcolor_func66709.o
      1694        126         12          4          0       1432   lcd.o
        16          6          0          4          0         68   lcd_aa.o
       188         24          0         24          0        236   lcd_color.o
        24          8          0          0          0        136   lcd_getcolorindex.o
       384         44          0          0          0       1268   lcd_getex.o
        18          0          0          0          0         76   lcd_getnumdisplays.o
         0          0        256          0          0          0   lcd_mirror.o
       536         20          0          0          0        176   lcd_readrect.o
        56          6          0          0          0         80   lcd_selectlcd.o
       132          0          0          0          0        252   lcd_set.o
        40          4          0          0          0         76   lcd_setcliprectex.o
        32          4          0          0          0         80   lcd_updatecolorindices.o
       688          8          0         24          0        512   slider.o
        56          0          0          0          0         88   slider_createindirect.o
       318          0         12          0          0        160   slider_skinclassic.o
       922          4          0          4          0       1204   widget.o
       284          8         28         20          0        340   widget_effect_3d.o
       260          6          0          0          0         84   widget_fillstringinrect.o
      4490        238          0         69         24       4120   wm.o
        44          0          0          0          0         80   wm__foreachdesc.o
        18          0          0          0          0         76   wm__getfirstsibling.o
        28          6          0          0          0         80   wm__getfocussedchild.o
        24          0          0          0          0         76   wm__getlastsibling.o
        36          0          0          0          0         80   wm__getprevsibling.o
        46          0          0          0          0        148   wm__isancestor.o
        34          0          0          0          0         80   wm__ischild.o
        22          0          0          0          0         76   wm__isenabled.o
        20          0          0          0          0         68   wm__screen2client.o
        60          6          0          4          0         88   wm__sendmessage.o
        38          0          0          0          0         80   wm__sendmessagenopara.o
       220          0          0          0          0         96   wm__updatechildpositions.o
       136          0          0          0          0         92   wm_bringtobottom.o
       138          6          0          0          0        228   wm_bringtotop.o
        16          6          0          0          0         68   wm_criticalhandle.o
        30          0          0          0          0         88   wm_foreachdesc.o
        98          8          0          0          0        248   wm_getclientrect.o
        12          6          0          0          0         68   wm_getdesktopwindow.o
        26          0          0          0          0         76   wm_getfirstchild.o
        26          0          0          0          0         76   wm_getnextsibling.o
        26          0          0          0          0         76   wm_getparent.o
        40          0          0          0          0         92   wm_getwindowrect.o
       130          0          0          0          0        364   wm_getwindowsize.o
        20          4          0          0          0         68   wm_hascaptured.o
        20          4          0          0          0         68   wm_hasfocus.o
        30          0          0          0          0         80   wm_isfocussable.o
        24          0          0          0          0         76   wm_iswindow.o
        36          0          0          0          0         84   wm_memdev.o
       292          0          0          0          0        272   wm_move.o
        16          0          0          0          0         76   wm_notifyparent.o
        56          6          0          0          0         88   wm_onkey.o
       246          0          0          0          0         88   wm_resizewindow.o
        26          0          0          0          0         88   wm_sendmessagenopara.o
        38          0          0          0          0         92   wm_sendtoparent.o
        76         14          0          0          0        164   wm_setcapture.o
       168          4          0          4          0        116   wm_setcapturemove.o
       152          6          0          0          0         88   wm_setfocus.o
       116          0          0          0          0        160   wm_setfocusonnextchild.o
        96          0          0          0          0        156   wm_setfocusonprevchild.o
        72          0          0          0          0         84   wm_setsize.o
        34          0          0          0          0         80   wm_settrans.o
        32          6          0          0          0         80   wm_setusercliprect.o
       124          0          0          0          0        164   wm_timer.o
         0          0          0         32          0          0   wm_touch.o
       220         16          0          0          0         84   ceil.o
       220         16          0          0          0         84   floor.o
        86          0          0          0          0          0   __dczerorl2.o
         0          0          0          0          0          0   entry.o
         0          0          0          0          0          0   entry10a.o
         0          0          0          0          0          0   entry11a.o
         8          4          0          0          0          0   entry2.o
         4          0          0          0          0          0   entry5.o
         0          0          0          0          0          0   entry7b.o
         0          0          0          0          0          0   entry8b.o
         8          4          0          0          0          0   entry9a.o
        30          0          0          0          0          0   handlers.o
        36          8          0          0          0         68   init.o
         0          0          0          0          0          0   iusefp.o
        30          0          0          0          0         68   llshl.o
        36          0          0          0          0         68   llsshr.o
        32          0          0          0          0         68   llushr.o
        64          0          0          0          0         76   memmovea.o
        36          0          0          0          0        108   memseta.o
       390         10          0          0          0        252   printf1.o
        18          0          0          0          0         68   strcpy.o
        44          0          0          0          0         80   uidiv.o
        48          0          0          0          0         68   cdrcmple.o
        56          0          0          0          0         88   d2f.o
       334          0          0          0          0        148   dadd.o
       186          0          0          0          0        176   depilogue.o
        38          0          0          0          0         68   f2d.o
       176          0          0          0          0        140   fadd.o
       124          0          0          0          0         88   fdiv.o
       110          0          0          0          0        168   fepilogue.o
        50          0          0          0          0         68   ffixi.o
        40          0          0          0          0         68   ffixui.o
        10          0          0          0          0         68   ffltui.o
       100          0          0          0          0         76   fmul.o

    ----------------------------------------------------------------------
     54110       2014      23024        560        408      49204   Library Totals
       118          0          3          6          4          0   (incl. Padding)

    ----------------------------------------------------------------------

      Code (inc. data)   RO Data    RW Data    ZI Data      Debug   Library Name

     51458       1956      23021        554        404      46956   GUI_CM3.lib
       440         32          0          0          0        168   m_ws.l
       822         26          0          0          0        856   mc_w.l
      1272          0          0          0          0       1224   mf_w.l

    ----------------------------------------------------------------------
     54110       2014      23024        560        408      49204   Library Totals

    ----------------------------------------------------------------------

==============================================================================


      Code (inc. data)   RO Data    RW Data    ZI Data      Debug   

     58680       2454      32400        592      34216     456902   Grand Totals
     58680       2454      32400        160      34216     456902   ELF Image Totals (compressed)
     58680       2454      32400        160          0          0   ROM Totals

==============================================================================

    Total RO  Size (Code + RO Data)                91080 (  88.95kB)
    Total RW  Size (RW Data + ZI Data)             34808 (  33.99kB)
    Total ROM Size (Code + RO Data + RW Data)      91240 (  89.10kB)

==============================================================================

